******************************************************************************
                  MSP430 Linker PC v4.4.5                      
******************************************************************************
>> Linked Thu Mar 24 01:50:03 2016

OUTPUT FILE NAME:   <boat.out>
ENTRY POINT SYMBOL: "_c_int00_noargs_noexit"  address: 00004664


MEMORY CONFIGURATION

         name            origin    length      used     unused   attr    fill
----------------------  --------  ---------  --------  --------  ----  --------
  SFR                   00000000   00000010  00000000  00000010  RWIX
  PERIPHERALS_8BIT      00000010   000000f0  00000000  000000f0  RWIX
  PERIPHERALS_16BIT     00000100   00000100  00000000  00000100  RWIX
  INFOD                 00001800   00000080  00000000  00000080  RWIX
  INFOC                 00001880   00000080  00000000  00000080  RWIX
  INFOB                 00001900   00000080  00000000  00000080  RWIX
  INFOA                 00001980   00000080  00000000  00000080  RWIX
  USBRAM                00001c00   00000800  00000000  00000800  RWIX
  RAM                   00002400   00002000  00001aac  00000554  RWIX
  FLASH                 00004400   0000bb80  000019b4  0000a1cc  RWIX
  INT00                 0000ff80   00000002  00000000  00000002  RWIX
  INT01                 0000ff82   00000002  00000000  00000002  RWIX
  INT02                 0000ff84   00000002  00000000  00000002  RWIX
  INT03                 0000ff86   00000002  00000000  00000002  RWIX
  INT04                 0000ff88   00000002  00000000  00000002  RWIX
  INT05                 0000ff8a   00000002  00000000  00000002  RWIX
  INT06                 0000ff8c   00000002  00000000  00000002  RWIX
  INT07                 0000ff8e   00000002  00000000  00000002  RWIX
  INT08                 0000ff90   00000002  00000000  00000002  RWIX
  INT09                 0000ff92   00000002  00000000  00000002  RWIX
  INT10                 0000ff94   00000002  00000000  00000002  RWIX
  INT11                 0000ff96   00000002  00000000  00000002  RWIX
  INT12                 0000ff98   00000002  00000000  00000002  RWIX
  INT13                 0000ff9a   00000002  00000000  00000002  RWIX
  INT14                 0000ff9c   00000002  00000000  00000002  RWIX
  INT15                 0000ff9e   00000002  00000000  00000002  RWIX
  INT16                 0000ffa0   00000002  00000000  00000002  RWIX
  INT17                 0000ffa2   00000002  00000000  00000002  RWIX
  INT18                 0000ffa4   00000002  00000000  00000002  RWIX
  INT19                 0000ffa6   00000002  00000000  00000002  RWIX
  INT20                 0000ffa8   00000002  00000000  00000002  RWIX
  INT21                 0000ffaa   00000002  00000000  00000002  RWIX
  INT22                 0000ffac   00000002  00000000  00000002  RWIX
  INT23                 0000ffae   00000002  00000000  00000002  RWIX
  INT24                 0000ffb0   00000002  00000000  00000002  RWIX
  INT25                 0000ffb2   00000002  00000000  00000002  RWIX
  INT26                 0000ffb4   00000002  00000000  00000002  RWIX
  INT27                 0000ffb6   00000002  00000000  00000002  RWIX
  INT28                 0000ffb8   00000002  00000000  00000002  RWIX
  INT29                 0000ffba   00000002  00000000  00000002  RWIX
  INT30                 0000ffbc   00000002  00000000  00000002  RWIX
  INT31                 0000ffbe   00000002  00000000  00000002  RWIX
  INT32                 0000ffc0   00000002  00000000  00000002  RWIX
  INT33                 0000ffc2   00000002  00000000  00000002  RWIX
  INT34                 0000ffc4   00000002  00000000  00000002  RWIX
  INT35                 0000ffc6   00000002  00000000  00000002  RWIX
  INT36                 0000ffc8   00000002  00000000  00000002  RWIX
  INT37                 0000ffca   00000002  00000000  00000002  RWIX
  INT38                 0000ffcc   00000002  00000000  00000002  RWIX
  INT39                 0000ffce   00000002  00000000  00000002  RWIX
  INT40                 0000ffd0   00000002  00000000  00000002  RWIX
  INT41                 0000ffd2   00000002  00000002  00000000  RWIX
  INT42                 0000ffd4   00000002  00000002  00000000  RWIX
  INT43                 0000ffd6   00000002  00000002  00000000  RWIX
  INT44                 0000ffd8   00000002  00000002  00000000  RWIX
  INT45                 0000ffda   00000002  00000002  00000000  RWIX
  INT46                 0000ffdc   00000002  00000002  00000000  RWIX
  INT47                 0000ffde   00000002  00000002  00000000  RWIX
  INT48                 0000ffe0   00000002  00000002  00000000  RWIX
  INT49                 0000ffe2   00000002  00000002  00000000  RWIX
  INT50                 0000ffe4   00000002  00000002  00000000  RWIX
  INT51                 0000ffe6   00000002  00000002  00000000  RWIX
  INT52                 0000ffe8   00000002  00000002  00000000  RWIX
  INT53                 0000ffea   00000002  00000002  00000000  RWIX
  INT54                 0000ffec   00000002  00000002  00000000  RWIX
  INT55                 0000ffee   00000002  00000002  00000000  RWIX
  INT56                 0000fff0   00000002  00000002  00000000  RWIX
  INT57                 0000fff2   00000002  00000002  00000000  RWIX
  INT58                 0000fff4   00000002  00000002  00000000  RWIX
  INT59                 0000fff6   00000002  00000002  00000000  RWIX
  INT60                 0000fff8   00000002  00000002  00000000  RWIX
  INT61                 0000fffa   00000002  00000002  00000000  RWIX
  INT62                 0000fffc   00000002  00000002  00000000  RWIX
  RESET                 0000fffe   00000002  00000002  00000000  RWIX
  FLASH2                00010000   00014400  0001031a  000040e6  RWIX


SECTION ALLOCATION MAP

 output                                  attributes/
section   page    origin      length       input sections
--------  ----  ----------  ----------   ----------------
.bss       0    00002400    000016ac     UNINITIALIZED
                  00002400    00000394     libmplmpu.lib : accel_auto_cal.obj (.bss)
                  00002794    0000028c                   : compass_vec_cal.obj (.bss)
                  00002a20    00000258                   : fast_no_motion.obj (.bss)
                  00002c78    0000024e     data_builder.obj (.bss)
                  00002ec6    000001b6     libmplmpu.lib : gyro_tc.obj (.bss)
                  0000307c    0000016c     storage_manager.obj (.bss)
                  000031e8    0000016a     servo.obj (.bss)
                  00003352    0000012c     libmplmpu.lib : fusion_9axis.obj (.bss)
                  0000347e    000000cc     hal_outputs.obj (.bss)
                  0000354a    000000b0     rts430x_lc_rd.lib : signal.obj (.bss)
                  000035fa    0000009c     libmplmpu.lib : mag_disturb.obj (.bss)
                  00003696    00000083     BCUart.obj (.bss)
                  00003719    00000001     --HOLE--
                  0000371a    0000007a     results_holder.obj (.bss)
                  00003794    00000078     rts430x_lc_rd.lib : xvalues.obj (.bss)
                  0000380c    0000006a     libmplmpu.lib : quaternion_supervisor.obj (.bss)
                  00003876    00000068     rts430x_lc_rd.lib : xfvalues.obj (.bss)
                  000038de    00000052     msp430_interrupt.obj (.bss)
                  00003930    00000052     start_manager.obj (.bss)
                  00003982    00000048     libmplmpu.lib : heading_from_gyro.obj (.bss)
                  000039ca    00000036     inv_mpu.obj (.bss)
                  00003a00    00000034     imu.obj (.bss)
                  00003a34    0000001e     eMPL_outputs.obj (.bss)
                  00003a52    0000001e     msp430_clock.obj (.bss)
                  00003a70    00000010     inv_mpu_dmp_motion_driver.obj (.bss)
                  00003a80    0000000c     msp430_i2c.obj (.bss)
                  00003a8c    00000008     rts430x_lc_rd.lib : feraiseexcept.obj (.bss)
                  00003a94    00000008     ucs.obj (.bss)
                  00003a9c    00000004     rts430x_lc_rd.lib : _lock.obj (.bss:_lock)
                  00003aa0    00000004                       : _lock.obj (.bss:_unlock)
                  00003aa4    00000004     message_layer.obj (.bss)
                  00003aa8    00000002     led.obj (.bss)
                  00003aaa    00000002     rts430x_lc_rd.lib : errno.obj (.bss)

.data      0    00002400    00000000     UNINITIALIZED

.stack     0    00004000    00000400     UNINITIALIZED
                  00004000    00000004     rts430x_lc_rd.lib : boot.obj (.stack)
                  00004004    000003fc     --HOLE--

.text:_isr 
*          0    00004400    00000284     
                  00004400    000000cc     msp430_i2c.obj (.text:_isr:I2C_ISR)
                  000044cc    0000007a     msp430_interrupt.obj (.text:_isr:P1_ISR)
                  00004546    0000007a     msp430_interrupt.obj (.text:_isr:P2_ISR)
                  000045c0    00000042     msp430_clock.obj (.text:_isr:TIMERB0_ISR)
                  00004602    0000003a     msp430_interrupt.obj (.text:_isr:UNMI_ISR)
                  0000463c    00000028     BCUart.obj (.text:_isr:bcUartISR)
                  00004664    0000001a     rts430x_lc_rd.lib : boot_special.obj (.text:_isr:_c_int00_noargs_noexit)
                  0000467e    00000006                       : isr_trap.obj (.text:_isr:__TI_ISR_TRAP)

.cinit     0    00004684    00000200     
                  00004684    0000005a     rts430x_lc_rd.lib : xvalues.obj (.cinit)
                  000046de    00000050                       : xfvalues.obj (.cinit)
                  0000472e    00000031     imu.obj (.cinit)
                  0000475f    00000001     --HOLE-- [fill = 0]
                  00004760    00000028     libmplmpu.lib : compass_vec_cal.obj (.cinit)
                  00004788    00000024     msp430_clock.obj (.cinit)
                  000047ac    0000001a     hal_outputs.obj (.cinit)
                  000047c6    0000001a     inv_mpu.obj (.cinit)
                  000047e0    00000015     inv_mpu_dmp_motion_driver.obj (.cinit)
                  000047f5    00000001     --HOLE-- [fill = 0]
                  000047f6    00000014     rts430x_lc_rd.lib : feraiseexcept.obj (.cinit)
                  0000480a    00000014     ucs.obj (.cinit)
                  0000481e    00000011     msp430_i2c.obj (.cinit)
                  0000482f    00000001     --HOLE-- [fill = 0]
                  00004830    0000000f     BCUart.obj (.cinit)
                  0000483f    00000001     --HOLE-- [fill = 0]
                  00004840    0000000a     rts430x_lc_rd.lib : _lock.obj (.cinit:_lock)
                  0000484a    0000000a                       : _lock.obj (.cinit:_unlock)
                  00004854    0000000a     libmplmpu.lib : mag_disturb.obj (.cinit)
                  0000485e    0000000a     msp430_interrupt.obj (.cinit)
                  00004868    0000000a     rts430x_lc_rd.lib : signal.obj (.cinit)
                  00004872    00000008     led.obj (.cinit)
                  0000487a    00000008     rts430x_lc_rd.lib : errno.obj (.cinit)
                  00004882    00000002     --HOLE-- [fill = 0]

.const     0    00004884    00001530     
                  00004884    00000bf6     inv_mpu_dmp_motion_driver.obj (.const:.string:dmp_memory)
                  0000547a    00000400     ml_math_func.obj (.const:sin_lookup)
                  0000587a    00000101     rts430x_lc_rd.lib : ctype.obj (.const:.string:_ctypes_)
                  0000597b    00000001     --HOLE-- [fill = 0]
                  0000597c    000000c2     inv_mpu.obj (.const:.string)
                  00005a3e    000000b4     imu.obj (.const:.string)
                  00005af2    00000060     inv_mpu.obj (.const)
                  00005b52    00000048     data_builder.obj (.const:.string)
                  00005b9a    0000003c     main.obj (.const:.string)
                  00005bd6    0000002e     mpl.obj (.const:.string)
                  00005c04    0000002c     rts430x_lc_rd.lib : xlog.obj (.const)
                  00005c30    00000026                       : _printfi.obj (.const:.string)
                  00005c56    00000020                       : xatan.obj (.const:a)
                  00005c76    00000020                       : xfatan.obj (.const:a)
                  00005c96    0000001c     gpio.obj (.const:GPIO_PORT_TO_BASE)
                  00005cb2    00000010     rts430x_lc_rd.lib : xexp.obj (.const)
                  00005cc2    00000010                       : xfsin.obj (.const)
                  00005cd2    00000010                       : xsin.obj (.const)
                  00005ce2    0000000e     mpl.obj (.const:.string:$P$T1$2)
                  00005cf0    0000000e     rts430x_lc_rd.lib : pow.obj (.const)
                  00005cfe    0000000d     mpl.obj (.const:.string:$P$T0$1)
                  00005d0b    00000001     --HOLE-- [fill = 0]
                  00005d0c    0000000c     inv_mpu_dmp_motion_driver.obj (.const:.string:$P$T4$5)
                  00005d18    0000000c     rts430x_lc_rd.lib : xfsin.obj (.const:c)
                  00005d24    0000000c                       : xlog.obj (.const:p)
                  00005d30    0000000c                       : xfsin.obj (.const:s)
                  00005d3c    0000000c     servo.obj (.const)
                  00005d48    0000000a     libmplmpu.lib : quaternion_supervisor.obj (.const:.string)
                  00005d52    00000009     inv_mpu_dmp_motion_driver.obj (.const:.string:$P$T5$6)
                  00005d5b    00000001     --HOLE-- [fill = 0]
                  00005d5c    00000009     inv_mpu_dmp_motion_driver.obj (.const:.string:$P$T6$7)
                  00005d65    00000001     --HOLE-- [fill = 0]
                  00005d66    00000008     rts430x_lc_rd.lib : xatan.obj (.const:c)
                  00005d6e    00000008                       : xfatan.obj (.const:c)
                  00005d76    00000008                       : xatan.obj (.const)
                  00005d7e    00000008                       : xfatan.obj (.const)
                  00005d86    00000004                       : acos.obj (.const)
                  00005d8a    00000004                       : acosf.obj (.const)
                  00005d8e    00000004                       : asin.obj (.const)
                  00005d92    00000004                       : asinf.obj (.const)
                  00005d96    00000004                       : atan.obj (.const)
                  00005d9a    00000004                       : xatan.obj (.const:s)
                  00005d9e    00000004                       : xfatan.obj (.const:s)
                  00005da2    00000003     inv_mpu_dmp_motion_driver.obj (.const:.string:$P$T0$1)
                  00005da5    00000001     --HOLE-- [fill = 0]
                  00005da6    00000003     inv_mpu_dmp_motion_driver.obj (.const:.string:$P$T1$2)
                  00005da9    00000001     --HOLE-- [fill = 0]
                  00005daa    00000003     inv_mpu_dmp_motion_driver.obj (.const:.string:$P$T2$3)
                  00005dad    00000001     --HOLE-- [fill = 0]
                  00005dae    00000003     inv_mpu_dmp_motion_driver.obj (.const:.string:$P$T3$4)
                  00005db1    00000001     --HOLE-- [fill = 0]
                  00005db2    00000002     inv_mpu_dmp_motion_driver.obj (.const)

.pinit     0    00004400    00000000     UNINITIALIZED

RTC        0    0000ffd2    00000002     
                  0000ffd2    00000002     rts430x_lc_rd.lib : int41.obj (.int41)

PORT2      0    0000ffd4    00000002     
                  0000ffd4    00000002     msp430_interrupt.obj (.int42)

TIMER2_A1 
*          0    0000ffd6    00000002     
                  0000ffd6    00000002     rts430x_lc_rd.lib : int43.obj (.int43)

TIMER2_A0 
*          0    0000ffd8    00000002     
                  0000ffd8    00000002     rts430x_lc_rd.lib : int44.obj (.int44)

USCI_B1    0    0000ffda    00000002     
                  0000ffda    00000002     rts430x_lc_rd.lib : int45.obj (.int45)

USCI_A1    0    0000ffdc    00000002     
                  0000ffdc    00000002     BCUart.obj (.int46)

PORT1      0    0000ffde    00000002     
                  0000ffde    00000002     msp430_interrupt.obj (.int47)

TIMER1_A1 
*          0    0000ffe0    00000002     
                  0000ffe0    00000002     rts430x_lc_rd.lib : int48.obj (.int48)

TIMER1_A0 
*          0    0000ffe2    00000002     
                  0000ffe2    00000002     rts430x_lc_rd.lib : int49.obj (.int49)

DMA        0    0000ffe4    00000002     
                  0000ffe4    00000002     rts430x_lc_rd.lib : int50.obj (.int50)

USB_UBM    0    0000ffe6    00000002     
                  0000ffe6    00000002     rts430x_lc_rd.lib : int51.obj (.int51)

TIMER0_A1 
*          0    0000ffe8    00000002     
                  0000ffe8    00000002     rts430x_lc_rd.lib : int52.obj (.int52)

TIMER0_A0 
*          0    0000ffea    00000002     
                  0000ffea    00000002     rts430x_lc_rd.lib : int53.obj (.int53)

ADC12      0    0000ffec    00000002     
                  0000ffec    00000002     rts430x_lc_rd.lib : int54.obj (.int54)

USCI_B0    0    0000ffee    00000002     
                  0000ffee    00000002     msp430_i2c.obj (.int55)

USCI_A0    0    0000fff0    00000002     
                  0000fff0    00000002     rts430x_lc_rd.lib : int56.obj (.int56)

WDT        0    0000fff2    00000002     
                  0000fff2    00000002     rts430x_lc_rd.lib : int57.obj (.int57)

TIMER0_B1 
*          0    0000fff4    00000002     
                  0000fff4    00000002     rts430x_lc_rd.lib : int58.obj (.int58)

TIMER0_B0 
*          0    0000fff6    00000002     
                  0000fff6    00000002     msp430_clock.obj (.int59)

COMP_B     0    0000fff8    00000002     
                  0000fff8    00000002     rts430x_lc_rd.lib : int60.obj (.int60)

UNMI       0    0000fffa    00000002     
                  0000fffa    00000002     msp430_interrupt.obj (.int61)

SYSNMI     0    0000fffc    00000002     
                  0000fffc    00000002     rts430x_lc_rd.lib : int62.obj (.int62)

.reset     0    0000fffe    00000002     
                  0000fffe    00000002     rts430x_lc_rd.lib : boot.obj (.reset)

.text      0    00010000    0001031a     
                  00010000    00000a04     libmplmpu.lib : compass_vec_cal.obj (.text:inv_compute_bias)
                  00010a04    0000098a                   : heading_from_gyro.obj (.text:inv_run_heading_from_gyro)
                  0001138e    00000858                   : compass_vec_cal.obj (.text:inv_center_sum)
                  00011be6    0000076a                   : compass_vec_cal.obj (.text:inv_process_compass_only_cal)
                  00012350    000005fc                   : fusion_9axis.obj (.text:inv_perform_9x_fusion)
                  0001294c    0000045a                   : quaternion_supervisor.obj (.text:inv_generate_accel_gyro_quaternion)
                  00012da6    00000448                   : compass_vec_cal.obj (.text:inv_set_terms)
                  000131ee    00000446                   : gyro_tc.obj (.text:inv_gtc_compute_slope)
                  00013634    0000042c                   : mag_disturb.obj (.text:inv_check_magnetic_disturbance)
                  00013a60    000003d6     main.obj (.text:main)
                  00013e36    0000039a     rts430x_lc_rd.lib : div64u.obj (.text:__divull)
                  000141d0    00000384     inv_mpu_dmp_motion_driver.obj (.text:dmp_read_fifo)
                  00014554    00000372     libmplmpu.lib : quaternion_supervisor.obj (.text:accel_fusion)
                  000148c6    0000033c                   : fast_no_motion.obj (.text:inv_fast_nomot_parameter)
                  00014c02    00000336                   : quaternion_supervisor.obj (.text:inv_process_dmp_quaternion)
                  00014f38    00000320                   : fast_no_motion.obj (.text:inv_generate_fast_nomot)
                  00015258    00000290     imu.obj (.text:init_imu)
                  000154e8    0000027c     libmplmpu.lib : accel_auto_cal.obj (.text:inv_check_sample_balance)
                  00015764    00000276     inv_mpu.obj (.text:setup_compass)
                  000159da    00000274     libmplmpu.lib : compass_vec_cal.obj (.text:inv_check_peaks)
                  00015c4e    0000026c     rts430x_lc_rd.lib : xlog.obj (.text:_Log)
                  00015eba    00000262                       : _printfi.obj (.text:_setfield)
                  0001611c    0000025c     libmplmpu.lib : fusion_9axis.obj (.text:inv_filter_correction_angle)
                  00016378    0000025a                   : quaternion_supervisor.obj (.text:inv_compute_quat_from_accel)
                  000165d2    0000022a     rts430x_lc_rd.lib : xfsin.obj (.text:_FSin)
                  000167fc    00000226     inv_mpu_dmp_motion_driver.obj (.text:dmp_enable_feature)
                  00016a22    0000021c     ml_math_func.obj (.text:inv_q_multf)
                  00016c3e    00000202     rts430x_lc_rd.lib : _printfi.obj (.text:__TI_printfi)
                  00016e40    000001fc     libmplmpu.lib : quaternion_supervisor.obj (.text:inv_generate_gyro_quaternion)
                  0001703c    000001fc     ml_math_func.obj (.text:inv_quaternion_to_rotation)
                  00017238    000001de     ml_math_func.obj (.text:inv_q_normalizef)
                  00017416    000001d4     inv_mpu.obj (.text:mpu_reset_fifo)
                  000175ea    000001c6     libmplmpu.lib : compass_vec_cal.obj (.text:inv_combine_compass_data)
                  000177b0    000001c0     rts430x_lc_rd.lib : fmodf.obj (.text:fmodf)
                  00017970    000001ba                       : _printfi.obj (.text:_pproc_fgea)
                  00017b2a    000001ba     libmplmpu.lib : compass_vec_cal.obj (.text:inv_check_sim)
                  00017ce4    000001b4                   : mag_disturb.obj (.text:ComputeAngleVelocity)
                  00017e98    000001b2                   : fast_no_motion.obj (.text:inv_fast_nomot_set_gyro_bias)
                  0001804a    000001b0                   : compass_vec_cal.obj (.text:inv_ignore_compass_data)
                  000181fa    000001ac                   : quaternion_supervisor.obj (.text:inv_normalize_quat)
                  000183a6    000001a4     ml_math_func.obj (.text:inv_q_mult)
                  0001854a    0000019e     inv_mpu_dmp_motion_driver.obj (.text:dmp_set_tap_thresh)
                  000186e8    0000019a     inv_mpu_dmp_motion_driver.obj (.text:dmp_set_orientation)
                  00018882    00000188     rts430x_lc_rd.lib : _printfi.obj (.text:_getarg_diouxp)
                  00018a0a    00000184                       : _printfi.obj (.text:acvt)
                  00018b8e    00000176     libmplmpu.lib : compass_vec_cal.obj (.text:inv_bias_stability)
                  00018d04    00000174     rts430x_lc_rd.lib : _printfi.obj (.text:ecvt)
                  00018e78    0000016e     libmplmpu.lib : fast_no_motion.obj (.text:inv_fast_nomot_store_data)
                  00018fe6    00000168     rts430x_lc_rd.lib : atan2.obj (.text:atan2)
                  0001914e    00000168                       : atan2f.obj (.text:atan2f)
                  000192b6    00000162                       : _printfi.obj (.text:fcvt)
                  00019418    00000150     inv_mpu.obj (.text:mpu_set_sensors)
                  00019568    0000014a     rts430x_lc_rd.lib : _printfi.obj (.text:_pconv_e)
                  000196b2    00000148                       : _printfi.obj (.text:_pproc_diouxp)
                  000197fa    00000148     ml_math_func.obj (.text:inv_compass_angle)
                  00019942    00000142     rts430x_lc_rd.lib : xatan.obj (.text:_Atan)
                  00019a84    00000142                       : xfatan.obj (.text:_FAtan)
                  00019bc6    00000140                       : div64s.obj (.text:__divlli)
                  00019d06    0000013c     inv_mpu.obj (.text:mpu_init)
                  00019e42    0000013c     inv_mpu.obj (.text:mpu_set_bypass)
                  00019f7e    00000130     rts430x_lc_rd.lib : fs_add.obj (.text)
                  0001a0ae    00000120                       : _printfi.obj (.text:_pconv_a)
                  0001a1ce    00000120     eMPL_outputs.obj (.text:inv_generate_eMPL_outputs)
                  0001a2ee    0000011e     rts430x_lc_rd.lib : sqrt.obj (.text:sqrt)
                  0001a40c    0000011e                       : sqrtf.obj (.text:sqrtf)
                  0001a52a    0000011c                       : xfdscale.obj (.text:_FDscale)
                  0001a646    0000011a     ml_math_func.obj (.text:inv_q_norm4)
                  0001a760    0000011a     inv_mpu.obj (.text:mpu_get_compass_reg)
                  0001a87a    00000108     eMPL_outputs.obj (.text:inv_get_sensor_type_heading)
                  0001a982    000000fe     libmplmpu.lib : gyro_tc.obj (.text:inv_gtc_data_cb)
                  0001aa80    000000fc     ml_math_func.obj (.text:inv_convert_to_body_with_scale)
                  0001ab7c    000000fa     rts430x_lc_rd.lib : _printfi.obj (.text:_pproc_fwp)
                  0001ac76    000000f6     libmplmpu.lib : accel_auto_cal.obj (.text:inv_sort_order_4_T)
                  0001ad6c    000000f0                   : fusion_9axis.obj (.text:inv_find_synchronized_compass_angle)
                  0001ae5c    000000ee     rts430x_lc_rd.lib : _printfi.obj (.text:_pconv_g)
                  0001af4a    000000ea                       : fltllid.obj (.text:_fltllid)
                  0001b034    000000e8     HAL_UCS.obj (.text:Init_FLL)
                  0001b11c    000000e8     libmplmpu.lib : fusion_9axis.obj (.text:inv_process_9x_sensor_fusion_cb)
                  0001b204    000000e6     inv_mpu.obj (.text:mpu_lp_accel_mode)
                  0001b2ea    000000e4     libmplmpu.lib : fast_no_motion.obj (.text:inv_detect_motion_by_gyro_accel)
                  0001b3ce    000000e0                   : gyro_tc.obj (.text:inv_gtc_add_data)
                  0001b4ae    000000de     data_builder.obj (.text:inv_apply_calibration)
                  0001b58c    000000dc     rts430x_lc_rd.lib : acos.obj (.text:acos)
                  0001b668    000000dc                       : acosf.obj (.text:acosf)
                  0001b744    000000dc     msp430_interrupt.obj (.text:msp430_reg_int_cb)
                  0001b820    000000d4     HAL_PMM.obj (.text:SetVCoreUp)
                  0001b8f4    000000d4     inv_mpu.obj (.text:mpu_lp_motion_interrupt)
                  0001b9c8    000000d0     libmplmpu.lib : fast_no_motion.obj (.text:inv_sensor_data_preprocess)
                  0001ba98    000000ce     data_builder.obj (.text:inv_register_data_cb)
                  0001bb66    000000ce     inv_mpu.obj (.text:mpu_load_firmware)
                  0001bc34    000000ca     mpl.obj (.text:inv_init_mpl)
                  0001bcfe    000000c2     inv_mpu.obj (.text:mpu_read_fifo_stream)
                  0001bdc0    000000bc     libmplmpu.lib : fast_no_motion.obj (.text:inv_init_maxmin)
                  0001be7c    000000b6     rts430x_lc_rd.lib : fs_mpy.obj (.text)
                  0001bf32    000000b2     libmplmpu.lib : compass_vec_cal.obj (.text:inv_init_sensitivity_const)
                  0001bfe4    000000b2                   : mag_disturb.obj (.text:inv_track_dip_angle)
                  0001c096    000000b0     results_holder.obj (.text:inv_get_gravity)
                  0001c146    000000b0     inv_mpu.obj (.text:mpu_set_sample_rate)
                  0001c1f6    000000ac     inv_mpu.obj (.text:mpu_get_temperature)
                  0001c2a2    000000ac     msp430_i2c.obj (.text:msp430_i2c_read)
                  0001c34e    000000ac     msp430_i2c.obj (.text:msp430_i2c_write)
                  0001c3fa    000000aa     data_builder.obj (.text:inv_set_contiguous)
                  0001c4a4    000000a8     rts430x_lc_rd.lib : _printfi.obj (.text:_pproc_str)
                  0001c54c    000000a8     libmplmpu.lib : compass_vec_cal.obj (.text:inv_add_compass_block_data)
                  0001c5f4    000000a8     msp430_clock.obj (.text:msp430_clock_init)
                  0001c69c    000000a8     servo.obj (.text:servo_init)
                  0001c744    0000009e     rts430x_lc_rd.lib : _printfi.obj (.text:_ltostr)
                  0001c7e2    0000009e     libmplmpu.lib : compass_vec_cal.obj (.text:inv_cheap_rand)
                  0001c880    0000009c     data_builder.obj (.text:inv_build_compass)
                  0001c91c    0000009c     libmplmpu.lib : compass_vec_cal.obj (.text:inv_get_current_calibrated_compass)
                  0001c9b8    0000009c                   : compass_vec_cal.obj (.text:inv_set_peaks)
                  0001ca54    0000009a     HAL_PMM.obj (.text:SetVCoreDown)
                  0001caee    00000098     libmplmpu.lib : mag_disturb.obj (.text:MagDisturbSetDisturbance)
                  0001cb86    00000094     rts430x_lc_rd.lib : _printfi.obj (.text:_ecpy)
                  0001cc1a    00000090                       : _printfi.obj (.text:_mcpy)
                  0001ccaa    0000008e                       : fs_div.obj (.text)
                  0001cd38    0000008c                       : xfdnorm.obj (.text:_FDnorm)
                  0001cdc4    0000008a     data_builder.obj (.text:inv_build_accel)
                  0001ce4e    00000088     rts430x_lc_rd.lib : _printfi.obj (.text:_div)
                  0001ced6    00000088     libmplmpu.lib : fast_no_motion.obj (.text:inv_init_fast_nomot)
                  0001cf5e    00000086     data_builder.obj (.text:inv_set_gyro_bias)
                  0001cfe4    00000084     rts430x_lc_rd.lib : fixdlli.obj (.text:_fixdlli)
                  0001d068    00000084     storage_manager.obj (.text:inv_register_load_store)
                  0001d0ec    00000082     libmplmpu.lib : fast_no_motion.obj (.text:inv_fast_nomot_store_data_compass)
                  0001d16e    00000080                   : mag_disturb.obj (.text:Mag3ofNormalizedLong)
                  0001d1ee    00000080     rts430x_lc_rd.lib : ltoa.obj (.text:ltoa)
                  0001d26e    00000080     inv_mpu.obj (.text:mpu_set_dmp_state)
                  0001d2ee    0000007e     libmplmpu.lib : compass_vec_cal.obj (.text:inv_cheap_gaussian)
                  0001d36c    0000007e                   : compass_vec_cal.obj (.text:inv_init_vector_compass_cal)
                  0001d3ea    0000007e     inv_mpu.obj (.text:mpu_set_gyro_fsr)
                  0001d468    0000007e     rts430x_lc_rd.lib : fs_tol.obj (.text)
                  0001d4e6    0000007c     inv_mpu.obj (.text:mpu_get_accel_reg)
                  0001d562    0000007c     inv_mpu.obj (.text:mpu_set_lpf)
                  0001d5de    0000007a     rts430x_lc_rd.lib : autoinit_wdt.obj (.text:_auto_init_hold_wdt)
                  0001d658    0000007a     inv_mpu_dmp_motion_driver.obj (.text:dmp_set_shake_reject_thresh)
                  0001d6d2    0000007a     inv_mpu.obj (.text:mpu_read_mem)
                  0001d74c    0000007a     inv_mpu.obj (.text:mpu_write_mem)
                  0001d7c6    00000078     ml_math_func.obj (.text:inv_q_addf)
                  0001d83e    00000078     inv_mpu.obj (.text:mpu_set_accel_fsr)
                  0001d8b6    00000078     msp430_clock.obj (.text:msp430_clock_enable)
                  0001d92e    00000074     inv_mpu_dmp_motion_driver.obj (.text:dmp_set_fifo_rate)
                  0001d9a2    00000074     data_builder.obj (.text:inv_execute_on_data)
                  0001da16    00000074     inv_mpu.obj (.text:set_int_enable)
                  0001da8a    00000072     timer_a.obj (.text:Timer_A_outputPWM)
                  0001dafc    00000072     ml_math_func.obj (.text:mlMatrixVectorMult)
                  0001db6e    00000072     msp430_i2c.obj (.text:msp430_i2c_enable)
                  0001dbe0    00000070     data_builder.obj (.text:inv_get_last_timestamp)
                  0001dc50    0000006e     libmplmpu.lib : quaternion_supervisor.obj (.text:inv_generate_quaternion)
                  0001dcbe    0000006a     rts430x_lc_rd.lib : _printfi.obj (.text:_pconv_f)
                  0001dd28    00000068     data_builder.obj (.text:inv_reset_compass_soft_iron_matrix)
                  0001dd90    00000068     rts430x_lc_rd.lib : fs_toi.obj (.text)
                  0001ddf8    00000066     results_holder.obj (.text:inv_init_results_holder)
                  0001de5e    00000066     inv_mpu.obj (.text:mpu_configure_fifo)
                  0001dec4    00000064     rts430x_lc_rd.lib : xfdunsca.obj (.text:_FDunscale)
                  0001df28    00000064     results_holder.obj (.text:inv_get_linear_accel)
                  0001df8c    00000064     data_builder.obj (.text:inv_set_compass_soft_iron_input_data)
                  0001dff0    00000064     msp430_interrupt.obj (.text:msp430_int_enable)
                  0001e054    00000062     rts430x_lc_rd.lib : atoi.obj (.text:atoi)
                  0001e0b6    00000062     ml_math_func.obj (.text:inv_q_rotate)
                  0001e118    00000060     inv_mpu.obj (.text:mpu_set_int_latched)
                  0001e178    0000005e     ml_math_func.obj (.text:inv_q_add)
                  0001e1d6    0000005c     libmplmpu.lib : mag_disturb.obj (.text:inv_init_magnetic_disturbance)
                  0001e232    0000005c                   : mag_disturb.obj (.text:inv_magnetic_disturbance_process)
                  0001e28e    0000005c     rts430x_lc_rd.lib : ldexp.obj (.text:ldexp)
                  0001e2ea    0000005a     libmplmpu.lib : mag_disturb.obj (.text:MagDisturbCheckSettling)
                  0001e344    0000005a     rts430x_lc_rd.lib : mult64_f5hw.obj (.text:__mpyll)
                  0001e39e    0000005a     libmplmpu.lib : compass_vec_cal.obj (.text:inv_generate_vector_compass_cal)
                  0001e3f8    0000005a                   : fast_no_motion.obj (.text:inv_record_max_moment_in_no_motion_accel)
                  0001e452    0000005a                   : fast_no_motion.obj (.text:inv_record_max_moment_in_no_motion_gyro)
                  0001e4ac    0000005a     data_builder.obj (.text:inv_set_compass_bias)
                  0001e506    0000005a     inv_mpu.obj (.text:mpu_set_compass_sample_rate)
                  0001e560    00000058     libmplmpu.lib : fast_no_motion.obj (.text:inv_record_min_moment_in_motion_accel)
                  0001e5b8    00000058                   : fast_no_motion.obj (.text:inv_record_min_moment_in_motion_gyro)
                  0001e610    00000058     rts430x_lc_rd.lib : div32u.obj (.text)
                  0001e668    00000056     ml_math_func.obj (.text:inv_get_gyro_sum_of_sqr)
                  0001e6be    00000054     inv_mpu_dmp_motion_driver.obj (.text:dmp_enable_6x_lp_quat)
                  0001e712    00000054     inv_mpu_dmp_motion_driver.obj (.text:dmp_enable_lp_quat)
                  0001e766    00000054     results_holder.obj (.text:inv_get_quaternion_set)
                  0001e7ba    00000054     ml_math_func.obj (.text:inv_q_invert)
                  0001e80e    00000054     inv_mpu.obj (.text:mpu_get_lpf)
                  0001e862    00000052     libmplmpu.lib : fast_no_motion.obj (.text:inv_reset_min_max_gyro_accel_statistics)
                  0001e8b4    00000050     inv_mpu_dmp_motion_driver.obj (.text:decode_gesture)
                  0001e904    00000050     libmplmpu.lib : heading_from_gyro.obj (.text:inv_init_heading_from_gyro)
                  0001e954    00000050                   : fast_no_motion.obj (.text:inv_max_change)
                  0001e9a4    00000050                   : fast_no_motion.obj (.text:inv_set_default_number_of_samples)
                  0001e9f4    0000004e     rts430x_lc_rd.lib : _printfi.obj (.text:_fcpy)
                  0001ea42    0000004e     libmplmpu.lib : gyro_tc.obj (.text:inv_gtc_get_bin)
                  0001ea90    0000004c     data_builder.obj (.text:inv_init_data_builder)
                  0001eadc    0000004c     ml_math_func.obj (.text:inv_q_invertf)
                  0001eb28    0000004c     libmplmpu.lib : fast_no_motion.obj (.text:inv_start_fast_nomot)
                  0001eb74    0000004a     mpl.obj (.text:inv_start_mpl)
                  0001ebbe    0000004a     rts430x_lc_rd.lib : fs_cmp.obj (.text)
                  0001ec08    0000004a                       : fs_ltof.obj (.text)
                  0001ec52    00000048     inv_mpu_dmp_motion_driver.obj (.text:dmp_enable_gyro_cal)
                  0001ec9a    00000048     libmplmpu.lib : fusion_9axis.obj (.text:inv_init_9x_fusion)
                  0001ece2    00000048     ml_math_func.obj (.text:inv_row_2_scale)
                  0001ed2a    00000046     rts430x_lc_rd.lib : _printfi.obj (.text:_pproc_fflags)
                  0001ed70    00000046     libmplmpu.lib : fast_no_motion.obj (.text:inv_fast_nomot_reset_data_compass)
                  0001edb6    00000046                   : quaternion_supervisor.obj (.text:inv_init_quaternion)
                  0001edfc    00000046     rts430x_lc_rd.lib : fs_tou.obj (.text)
                  0001ee42    00000042     libmplmpu.lib : quaternion_supervisor.obj (.text:inv_start_quaternion)
                  0001ee84    00000040     HAL_PMM.obj (.text:SetVCore)
                  0001eec4    00000040     rts430x_lc_rd.lib : asr64.obj (.text:__asrll)
                  0001ef04    00000040     data_builder.obj (.text:inv_build_gyro)
                  0001ef44    00000040     results_holder.obj (.text:inv_set_motion_state)
                  0001ef84    00000040     inv_mpu.obj (.text:mpu_get_accel_fsr)
                  0001efc4    00000040     rts430x_lc_rd.lib : div32s.obj (.text)
                  0001f004    0000003e     gpio.obj (.text:GPIO_setAsInputPinWithPullUpResistor)
                  0001f042    0000003e     rts430x_lc_rd.lib : _printfi.obj (.text:incr_hex)
                  0001f080    0000003e     libmplmpu.lib : fast_no_motion.obj (.text:inv_fast_nomot_parameter_compass)
                  0001f0be    0000003e     data_builder.obj (.text:inv_set_accel_sample_rate)
                  0001f0fc    0000003e     data_builder.obj (.text:inv_set_compass_sample_rate)
                  0001f13a    0000003e     data_builder.obj (.text:inv_set_gyro_sample_rate)
                  0001f178    0000003e     rts430x_lc_rd.lib : asr32.obj (.text:l_asr_const)
                  0001f1b6    0000003e                       : lsl32.obj (.text:l_lsl_const)
                  0001f1f4    0000003e                       : lsr32.obj (.text:l_lsr_const)
                  0001f232    0000003c     imu.obj (.text:_MLPrintLog)
                  0001f26e    0000003c     inv_mpu.obj (.text:mpu_get_gyro_fsr)
                  0001f2aa    0000003a     rts430x_lc_rd.lib : lsl64.obj (.text:__lslll)
                  0001f2e4    0000003a                       : lsr64.obj (.text:__lsrll)
                  0001f31e    0000003a     results_holder.obj (.text:inv_get_quaternion)
                  0001f358    0000003a     rts430x_lc_rd.lib : vsprintf.obj (.text:vsprintf)
                  0001f392    00000038                       : xfdclass.obj (.text:_FDclass)
                  0001f3ca    00000038     libmplmpu.lib : fast_no_motion.obj (.text:inv_if_enough_data)
                  0001f402    00000038                   : accel_auto_cal.obj (.text:inv_init_check_sample_balance)
                  0001f43a    00000038                   : gyro_tc.obj (.text:inv_init_gyro_ts)
                  0001f472    00000038                   : compass_vec_cal.obj (.text:inv_reset_data_collection)
                  0001f4aa    00000038     msp430_clock.obj (.text:msp430_delay_ms)
                  0001f4e2    00000038     rts430x_lc_rd.lib : signal.obj (.text:signal)
                  0001f51a    00000036     HAL_UCS.obj (.text:Init_FLL_Settle)
                  0001f550    00000036     rts430x_lc_rd.lib : xferaise.obj (.text:_Feraise)
                  0001f586    00000036     ml_math_func.obj (.text:inv_q29_mult)
                  0001f5bc    00000036     ml_math_func.obj (.text:inv_q30_mult)
                  0001f5f2    00000036     rts430x_lc_rd.lib : fs_itof.obj (.text)
                  0001f628    00000034     HAL_UCS.obj (.text:XT1_Start)
                  0001f65c    00000034     inv_mpu_dmp_motion_driver.obj (.text:dmp_set_tap_axes)
                  0001f690    00000034     rts430x_lc_rd.lib : feraiseexcept.obj (.text:feraiseexcept)
                  0001f6c4    00000034     libmplmpu.lib : gyro_tc.obj (.text:inv_enable_gyro_tc)
                  0001f6f8    00000034     data_builder.obj (.text:inv_get_accel_set)
                  0001f72c    00000032     data_builder.obj (.text:inv_build_quat)
                  0001f75e    00000032     ml_math_func.obj (.text:inv_cosf)
                  0001f790    00000032     data_builder.obj (.text:inv_db_load_func)
                  0001f7c2    00000032     libmplmpu.lib : gyro_tc.obj (.text:inv_gtc_store)
                  0001f7f4    00000032     rts430x_lc_rd.lib : raise.obj (.text:raise)
                  0001f826    00000032                       : fs_ultof.obj (.text)
                  0001f858    00000030     HAL_UCS.obj (.text:XT2_Start)
                  0001f888    00000030     rts430x_lc_rd.lib : frexp.obj (.text:frexp)
                  0001f8b8    00000030     libmplmpu.lib : fast_no_motion.obj (.text:inv_reset_packet)
                  0001f8e8    0000002e     ml_math_func.obj (.text:inv_sinf)
                  0001f916    0000002e     rts430x_lc_rd.lib : memmov.obj (.text:memmove)
                  0001f944    0000002c     start_manager.obj (.text:inv_execute_mpl_start_notification)
                  0001f970    0000002c     eMPL_outputs.obj (.text:inv_get_sensor_type_quat)
                  0001f99c    0000002c     libmplmpu.lib : gyro_tc.obj (.text:inv_gtc_load)
                  0001f9c8    0000002c     rts430x_lc_rd.lib : div16s.obj (.text)
                  0001f9f4    0000002c     servo.obj (.text:servo_move_to_degree)
                  0001fa20    0000002a     BCUart.obj (.text:bcUartInit)
                  0001fa4a    0000002a     data_builder.obj (.text:inv_get_compass_soft_iron_output_data)
                  0001fa74    0000002a     ml_math_func.obj (.text:inv_orientation_matrix_to_scalar)
                  0001fa9e    00000028     gpio.obj (.text:GPIO_setAsOutputPin)
                  0001fac6    00000028     gpio.obj (.text:GPIO_setAsPeripheralModuleFunctionOutputPin)
                  0001faee    00000028     inv_mpu_dmp_motion_driver.obj (.text:dmp_set_tap_count)
                  0001fb16    00000028     data_builder.obj (.text:inv_get_gyro_bias)
                  0001fb3e    00000026     led.obj (.text:blink_sensorhub_led)
                  0001fb64    00000026     inv_mpu_dmp_motion_driver.obj (.text:dmp_set_shake_reject_time)
                  0001fb8a    00000026     inv_mpu_dmp_motion_driver.obj (.text:dmp_set_shake_reject_timeout)
                  0001fbb0    00000026     inv_mpu_dmp_motion_driver.obj (.text:dmp_set_tap_time)
                  0001fbd6    00000026     inv_mpu_dmp_motion_driver.obj (.text:dmp_set_tap_time_multi)
                  0001fbfc    00000026     data_builder.obj (.text:inv_build_temp)
                  0001fc22    00000024     BCUart.obj (.text:bcUartSend)
                  0001fc46    00000024     results_holder.obj (.text:inv_set_compass_correction)
                  0001fc6a    00000024     results_holder.obj (.text:inv_store_gaming_quaternion)
                  0001fc8e    00000024     rts430x_lc_rd.lib : fs_utof.obj (.text)
                  0001fcb2    00000022     libmplmpu.lib : compass_vec_cal.obj (.text:inv_init_peaks)
                  0001fcd4    00000022     storage_manager.obj (.text:inv_init_storage_manager)
                  0001fcf6    00000022     start_manager.obj (.text:inv_register_mpl_start_notification)
                  0001fd18    00000022     msp430_interrupt.obj (.text:msp430_int_init)
                  0001fd3a    00000022     rts430x_lc_rd.lib : mult32_f5hw.obj (.text)
                  0001fd5c    00000020                       : vsprintf.obj (.text:_outs)
                  0001fd7c    00000020     results_holder.obj (.text:inv_get_compass_correction)
                  0001fd9c    00000020     msp430_i2c.obj (.text:msp430_i2c_disable)
                  0001fdbc    00000020     rts430x_lc_rd.lib : _printfi.obj (.text:val_hex)
                  0001fddc    0000001e     libmplmpu.lib : accel_auto_cal.obj (.text:inv_init_check_sample_balance_parameter)
                  0001fdfa    0000001e     eMPL_outputs.obj (.text:inv_init_eMPL_outputs)
                  0001fe18    0000001e     start_manager.obj (.text:inv_init_start_manager)
                  0001fe36    0000001e     message_layer.obj (.text:inv_set_message)
                  0001fe54    0000001e     rts430x_lc_rd.lib : memccpy.obj (.text:memccpy)
                  0001fe72    0000001c     gpio.obj (.text:GPIO_setOutputHighOnPin)
                  0001fe8e    0000001c     gpio.obj (.text:GPIO_setOutputLowOnPin)
                  0001feaa    0000001c     data_builder.obj (.text:inv_set_quat_sample_rate)
                  0001fec6    0000001c     rts430x_lc_rd.lib : strchr.obj (.text:strchr)
                  0001fee2    0000001a     libmplmpu.lib : mag_disturb.obj (.text:inv_enable_magnetic_disturbance)
                  0001fefc    00000018     inv_mpu_dmp_motion_driver.obj (.text:dmp_load_motion_driver_firmware)
                  0001ff14    00000018     libmplmpu.lib : fusion_9axis.obj (.text:inv_enable_9x_sensor_fusion)
                  0001ff2c    00000018                   : fast_no_motion.obj (.text:inv_enable_fast_nomot)
                  0001ff44    00000018     msp430_clock.obj (.text:msp430_get_clock_ms)
                  0001ff5c    00000016     rts430x_lc_rd.lib : llabs.obj (.text:llabs)
                  0001ff72    00000016                       : memset.obj (.text:memset)
                  0001ff88    00000016                       : div16u.obj (.text)
                  0001ff9e    00000016                       : mult16_f5hw.obj (.text)
                  0001ffb4    00000014                       : vsprintf.obj (.text:_outc)
                  0001ffc8    00000014     libmplmpu.lib : heading_from_gyro.obj (.text:inv_enable_heading_from_gyro)
                  0001ffdc    00000014                   : fast_no_motion.obj (.text:inv_fast_nomot_get_time_elaps)
                  0001fff0    00000014     results_holder.obj (.text:inv_start_results_holder)
                  00020004    00000014     rts430x_lc_rd.lib : memcpy.obj (.text:memcpy)
                  00020018    00000014     inv_mpu.obj (.text:mpu_get_sample_rate)
                  0002002c    00000012     eMPL_outputs.obj (.text:inv_enable_eMPL_outputs)
                  0002003e    00000012     libmplmpu.lib : quaternion_supervisor.obj (.text:inv_enable_quaternion)
                  00020050    00000012     results_holder.obj (.text:inv_enable_results_holder)
                  00020062    00000012     libmplmpu.lib : compass_vec_cal.obj (.text:inv_enable_vector_compass_cal)
                  00020074    00000012     data_builder.obj (.text:inv_get_compass_bias)
                  00020086    00000012     eMPL_outputs.obj (.text:inv_start_eMPL_outputs)
                  00020098    00000012     rts430x_lc_rd.lib : toupper.obj (.text:toupper)
                  000200aa    00000010     data_builder.obj (.text:inv_db_save_func)
                  000200ba    00000010     results_holder.obj (.text:inv_get_6axis_quaternion)
                  000200ca    00000010     data_builder.obj (.text:inv_get_gyro_bias_tc_set)
                  000200da    00000010     data_builder.obj (.text:inv_get_mag_accuracy)
                  000200ea    00000010     data_builder.obj (.text:inv_set_accel_orientation_and_scale)
                  000200fa    00000010     results_holder.obj (.text:inv_set_compass_bias_error)
                  0002010a    00000010     data_builder.obj (.text:inv_set_compass_orientation_and_scale)
                  0002011a    00000010     data_builder.obj (.text:inv_set_gyro_orientation_and_scale)
                  0002012a    00000010     libmplmpu.lib : mag_disturb.obj (.text:inv_set_magnetic_disturbance)
                  0002013a    00000010     rts430x_lc_rd.lib : lsr32.obj (.text:l_lsr)
                  0002014a    00000010     msp430_clock.obj (.text:msp430_get_smclk_freq)
                  0002015a    0000000e     data_builder.obj (.text:inv_get_accel_on)
                  00020168    0000000e     results_holder.obj (.text:inv_get_compass_bias_error)
                  00020176    0000000e     data_builder.obj (.text:inv_get_compass_on)
                  00020184    0000000e     data_builder.obj (.text:inv_get_gyro)
                  00020192    0000000e     data_builder.obj (.text:inv_get_gyro_on)
                  000201a0    0000000e     results_holder.obj (.text:inv_get_local_field)
                  000201ae    0000000e     libmplmpu.lib : fusion_9axis.obj (.text:inv_start_9x_sensor_fusion)
                  000201bc    0000000e                   : gyro_tc.obj (.text:inv_start_gyro_tc)
                  000201ca    0000000e                   : heading_from_gyro.obj (.text:inv_start_heading_from_gyro)
                  000201d8    0000000e                   : mag_disturb.obj (.text:inv_start_magnetic_disturbance)
                  000201e6    0000000e                   : compass_vec_cal.obj (.text:inv_start_vector_compass_cal)
                  000201f4    0000000e     rts430x_lc_rd.lib : labs.obj (.text:labs)
                  00020202    0000000e     inv_mpu.obj (.text:mpu_get_compass_fsr)
                  00020210    0000000e     data_builder.obj (.text:set_sensor_orientation_and_scale)
                  0002021e    0000000e     rts430x_lc_rd.lib : strlen.obj (.text:strlen)
                  0002022c    0000000c     servo.obj (.text:Timer_A_change_duty_cycle)
                  00020238    0000000c     results_holder.obj (.text:inv_get_motion_state)
                  00020244    0000000a     rts430x_lc_rd.lib : abs.obj (.text:abs)
                  0002024e    0000000a     inv_mpu.obj (.text:mpu_get_fifo_config)
                  00020258    0000000a     rts430x_lc_rd.lib : fs_neg.obj (.text)
                  00020262    0000000a                       : lsl16.obj (.text)
                  0002026c    0000000a                       : lsr16.obj (.text)
                  00020276    00000008     libmplmpu.lib : fusion_9axis.obj (.text:inv_9x_fusion_enable_jitter_reduction)
                  0002027e    00000008                   : fusion_9axis.obj (.text:inv_9x_fusion_use_timestamps)
                  00020286    00000008                   : mag_disturb.obj (.text:inv_disable_dip_tracking)
                  0002028e    00000008     results_holder.obj (.text:inv_generate_results)
                  00020296    00000006     rts430x_lc_rd.lib : cosf.obj (.text:cosf)
                  0002029c    00000006     imu.obj (.text:gyro_data_ready_cb)
                  000202a2    00000006     data_builder.obj (.text:inv_accel_was_turned_off)
                  000202a8    00000006     data_builder.obj (.text:inv_compass_was_turned_off)
                  000202ae    00000006     data_builder.obj (.text:inv_disable_compass_soft_iron_matrix)
                  000202b4    00000006     results_holder.obj (.text:inv_get_acc_state)
                  000202ba    00000006     data_builder.obj (.text:inv_get_accel_accuracy)
                  000202c0    00000006     results_holder.obj (.text:inv_get_compass_state)
                  000202c6    00000006     data_builder.obj (.text:inv_get_gyro_accuracy)
                  000202cc    00000006     results_holder.obj (.text:inv_get_large_mag_field)
                  000202d2    00000006     libmplmpu.lib : mag_disturb.obj (.text:inv_get_magnetic_disturbance_state)
                  000202d8    00000006     results_holder.obj (.text:inv_got_compass_bias)
                  000202de    00000006     data_builder.obj (.text:inv_gyro_was_turned_off)
                  000202e4    00000006     data_builder.obj (.text:inv_quaternion_sensor_was_turned_off)
                  000202ea    00000006     results_holder.obj (.text:inv_set_compass_bias_found)
                  000202f0    00000006     data_builder.obj (.text:inv_set_compass_disturbance)
                  000202f6    00000006     results_holder.obj (.text:inv_set_compass_state)
                  000202fc    00000006     rts430x_lc_rd.lib : log.obj (.text:log)
                  00020302    00000006                       : sinf.obj (.text:sinf)
                  00020308    00000004                       : xdscale.obj (.text:_Dscale)
                  0002030c    00000004                       : xdunscal.obj (.text:_Dunscale)
                  00020310    00000004                       : pre_init.obj (.text:_system_pre_init)
                  00020314    00000004                       : exit.obj (.text:abort)
                  00020318    00000002                       : _lock.obj (.text:_nop)


GLOBAL SYMBOLS: SORTED ALPHABETICALLY BY Name 

address   name                                       
-------   ----                                       
00002400  .bss                                       
00002400  .data                                      
ffffffff  .text                                      
00000700  ADC12CTL0                                  
00000701  ADC12CTL0_H                                
00000700  ADC12CTL0_L                                
00000702  ADC12CTL1                                  
00000703  ADC12CTL1_H                                
00000702  ADC12CTL1_L                                
00000704  ADC12CTL2                                  
00000705  ADC12CTL2_H                                
00000704  ADC12CTL2_L                                
0000070c  ADC12IE                                    
0000070d  ADC12IE_H                                  
0000070c  ADC12IE_L                                  
0000070a  ADC12IFG                                   
0000070b  ADC12IFG_H                                 
0000070a  ADC12IFG_L                                 
0000070e  ADC12IV                                    
0000070f  ADC12IV_H                                  
0000070e  ADC12IV_L                                  
00000710  ADC12MCTL0                                 
00000711  ADC12MCTL1                                 
0000071a  ADC12MCTL10                                
0000071b  ADC12MCTL11                                
0000071c  ADC12MCTL12                                
0000071d  ADC12MCTL13                                
0000071e  ADC12MCTL14                                
0000071f  ADC12MCTL15                                
00000712  ADC12MCTL2                                 
00000713  ADC12MCTL3                                 
00000714  ADC12MCTL4                                 
00000715  ADC12MCTL5                                 
00000716  ADC12MCTL6                                 
00000717  ADC12MCTL7                                 
00000718  ADC12MCTL8                                 
00000719  ADC12MCTL9                                 
00000720  ADC12MEM0                                  
00000721  ADC12MEM0_H                                
00000720  ADC12MEM0_L                                
00000722  ADC12MEM1                                  
00000734  ADC12MEM10                                 
00000735  ADC12MEM10_H                               
00000734  ADC12MEM10_L                               
00000736  ADC12MEM11                                 
00000737  ADC12MEM11_H                               
00000736  ADC12MEM11_L                               
00000738  ADC12MEM12                                 
00000739  ADC12MEM12_H                               
00000738  ADC12MEM12_L                               
0000073a  ADC12MEM13                                 
0000073b  ADC12MEM13_H                               
0000073a  ADC12MEM13_L                               
0000073c  ADC12MEM14                                 
0000073d  ADC12MEM14_H                               
0000073c  ADC12MEM14_L                               
0000073e  ADC12MEM15                                 
0000073f  ADC12MEM15_H                               
0000073e  ADC12MEM15_L                               
00000723  ADC12MEM1_H                                
00000722  ADC12MEM1_L                                
00000724  ADC12MEM2                                  
00000725  ADC12MEM2_H                                
00000724  ADC12MEM2_L                                
00000726  ADC12MEM3                                  
00000727  ADC12MEM3_H                                
00000726  ADC12MEM3_L                                
00000728  ADC12MEM4                                  
00000729  ADC12MEM4_H                                
00000728  ADC12MEM4_L                                
0000072a  ADC12MEM5                                  
0000072b  ADC12MEM5_H                                
0000072a  ADC12MEM5_L                                
0000072c  ADC12MEM6                                  
0000072d  ADC12MEM6_H                                
0000072c  ADC12MEM6_L                                
0000072e  ADC12MEM7                                  
0000072f  ADC12MEM7_H                                
0000072e  ADC12MEM7_L                                
00000730  ADC12MEM8                                  
00000731  ADC12MEM8_H                                
00000730  ADC12MEM8_L                                
00000732  ADC12MEM9                                  
00000733  ADC12MEM9_H                                
00000732  ADC12MEM9_L                                
00020314  C$$EXIT                                    
000008c0  CBCTL0                                     
000008c1  CBCTL0_H                                   
000008c0  CBCTL0_L                                   
000008c2  CBCTL1                                     
000008c3  CBCTL1_H                                   
000008c2  CBCTL1_L                                   
000008c4  CBCTL2                                     
000008c5  CBCTL2_H                                   
000008c4  CBCTL2_L                                   
000008c6  CBCTL3                                     
000008c7  CBCTL3_H                                   
000008c6  CBCTL3_L                                   
000008cc  CBINT                                      
000008cd  CBINT_H                                    
000008cc  CBINT_L                                    
000008ce  CBIV                                       
00000150  CRCDI                                      
00000152  CRCDIRB                                    
00000153  CRCDIRB_H                                  
00000152  CRCDIRB_L                                  
00000151  CRCDI_H                                    
00000150  CRCDI_L                                    
00000154  CRCINIRES                                  
00000155  CRCINIRES_H                                
00000154  CRCINIRES_L                                
00000156  CRCRESR                                    
00000157  CRCRESR_H                                  
00000156  CRCRESR_L                                  
00017ce4  ComputeAngleVelocity                       
00000510  DMA0CTL                                    
00000511  DMA0CTL_H                                  
00000510  DMA0CTL_L                                  
00000516  DMA0DA                                     
00000518  DMA0DAH                                    
00000516  DMA0DAL                                    
00000512  DMA0SA                                     
00000514  DMA0SAH                                    
00000512  DMA0SAL                                    
0000051a  DMA0SZ                                     
00000520  DMA1CTL                                    
00000521  DMA1CTL_H                                  
00000520  DMA1CTL_L                                  
00000526  DMA1DA                                     
00000528  DMA1DAH                                    
00000526  DMA1DAL                                    
00000522  DMA1SA                                     
00000524  DMA1SAH                                    
00000522  DMA1SAL                                    
0000052a  DMA1SZ                                     
00000530  DMA2CTL                                    
00000531  DMA2CTL_H                                  
00000530  DMA2CTL_L                                  
00000536  DMA2DA                                     
00000538  DMA2DAH                                    
00000536  DMA2DAL                                    
00000532  DMA2SA                                     
00000534  DMA2SAH                                    
00000532  DMA2SAL                                    
0000053a  DMA2SZ                                     
00000500  DMACTL0                                    
00000501  DMACTL0_H                                  
00000500  DMACTL0_L                                  
00000502  DMACTL1                                    
00000503  DMACTL1_H                                  
00000502  DMACTL1_L                                  
00000504  DMACTL2                                    
00000505  DMACTL2_H                                  
00000504  DMACTL2_L                                  
00000506  DMACTL3                                    
00000507  DMACTL3_H                                  
00000506  DMACTL3_L                                  
00000508  DMACTL4                                    
00000509  DMACTL4_H                                  
00000508  DMACTL4_L                                  
0000050e  DMAIV                                      
0000050f  DMAIV_H                                    
0000050e  DMAIV_L                                    
00000140  FCTL1                                      
00000141  FCTL1_H                                    
00000140  FCTL1_L                                    
00000144  FCTL3                                      
00000145  FCTL3_H                                    
00000144  FCTL3_L                                    
00000146  FCTL4                                      
00000147  FCTL4_H                                    
00000146  FCTL4_L                                    
0001f004  GPIO_setAsInputPinWithPullUpResistor       
0001fa9e  GPIO_setAsOutputPin                        
0001fac6  GPIO_setAsPeripheralModuleFunctionOutputPin
0001fe72  GPIO_setOutputHighOnPin                    
0001fe8e  GPIO_setOutputLowOnPin                     
00004400  I2C_ISR                                    
00020262  I_LSL                                      
0002026c  I_LSR                                      
0001b034  Init_FLL                                   
0001f51a  Init_FLL_Settle                            
0001f1b0  L_ASR_1                                    
0001f18c  L_ASR_10                                   
0001f188  L_ASR_11                                   
0001f184  L_ASR_12                                   
0001f180  L_ASR_13                                   
0001f17c  L_ASR_14                                   
0001f178  L_ASR_15                                   
0001f1ac  L_ASR_2                                    
0001f1a8  L_ASR_3                                    
0001f1a4  L_ASR_4                                    
0001f1a0  L_ASR_5                                    
0001f19c  L_ASR_6                                    
0001f198  L_ASR_7                                    
0001f194  L_ASR_8                                    
0001f190  L_ASR_9                                    
0001f1ee  L_LSL_1                                    
0001f1ca  L_LSL_10                                   
0001f1c6  L_LSL_11                                   
0001f1c2  L_LSL_12                                   
0001f1be  L_LSL_13                                   
0001f1ba  L_LSL_14                                   
0001f1b6  L_LSL_15                                   
0001f1ea  L_LSL_2                                    
0001f1e6  L_LSL_3                                    
0001f1e2  L_LSL_4                                    
0001f1de  L_LSL_5                                    
0001f1da  L_LSL_6                                    
0001f1d6  L_LSL_7                                    
0001f1d2  L_LSL_8                                    
0001f1ce  L_LSL_9                                    
0002013a  L_LSR                                      
0001f22c  L_LSR_1                                    
0001f208  L_LSR_10                                   
0001f204  L_LSR_11                                   
0001f200  L_LSR_12                                   
0001f1fc  L_LSR_13                                   
0001f1f8  L_LSR_14                                   
0001f1f4  L_LSR_15                                   
0001f228  L_LSR_2                                    
0001f224  L_LSR_3                                    
0001f220  L_LSR_4                                    
0001f21c  L_LSR_5                                    
0001f218  L_LSR_6                                    
0001f214  L_LSR_7                                    
0001f210  L_LSR_8                                    
0001f20c  L_LSR_9                                    
000004c4  MAC                                        
000004da  MAC32H                                     
000004db  MAC32H_H                                   
000004da  MAC32H_L                                   
000004d8  MAC32L                                     
000004d9  MAC32L_H                                   
000004d8  MAC32L_L                                   
000004c6  MACS                                       
000004de  MACS32H                                    
000004df  MACS32H_H                                  
000004de  MACS32H_L                                  
000004dc  MACS32L                                    
000004dd  MACS32L_H                                  
000004dc  MACS32L_L                                  
000004c7  MACS_H                                     
000004c6  MACS_L                                     
000004c5  MAC_H                                      
000004c4  MAC_L                                      
000004c0  MPY                                        
000004ec  MPY32CTL0                                  
000004ed  MPY32CTL0_H                                
000004ec  MPY32CTL0_L                                
000004d2  MPY32H                                     
000004d3  MPY32H_H                                   
000004d2  MPY32H_L                                   
000004d0  MPY32L                                     
000004d1  MPY32L_H                                   
000004d0  MPY32L_L                                   
000004c2  MPYS                                       
000004d6  MPYS32H                                    
000004d7  MPYS32H_H                                  
000004d6  MPYS32H_L                                  
000004d4  MPYS32L                                    
000004d5  MPYS32L_H                                  
000004d4  MPYS32L_L                                  
000004c3  MPYS_H                                     
000004c2  MPYS_L                                     
000004c1  MPY_H                                      
000004c0  MPY_L                                      
0001d16e  Mag3ofNormalizedLong                       
0001e2ea  MagDisturbCheckSettling                    
0001caee  MagDisturbSetDisturbance                   
000004c8  OP2                                        
000004e2  OP2H                                       
000004e3  OP2H_H                                     
000004e2  OP2H_L                                     
000004e0  OP2L                                       
000004e1  OP2L_H                                     
000004e0  OP2L_L                                     
000004c9  OP2_H                                      
000004c8  OP2_L                                      
0000020e  P1IV                                       
000044cc  P1_ISR                                     
0000021e  P2IV                                       
00004546  P2_ISR                                     
000001e0  P4MAP01                                    
000001e1  P4MAP01_H                                  
000001e0  P4MAP01_L                                  
000001e2  P4MAP23                                    
000001e3  P4MAP23_H                                  
000001e2  P4MAP23_L                                  
000001e4  P4MAP45                                    
000001e5  P4MAP45_H                                  
000001e4  P4MAP45_L                                  
000001e6  P4MAP67                                    
000001e7  P4MAP67_H                                  
000001e6  P4MAP67_L                                  
00000204  PADIR                                      
00000205  PADIR_H                                    
00000204  PADIR_L                                    
00000208  PADS                                       
00000209  PADS_H                                     
00000208  PADS_L                                     
0000021a  PAIE                                       
00000218  PAIES                                      
00000219  PAIES_H                                    
00000218  PAIES_L                                    
0000021b  PAIE_H                                     
0000021a  PAIE_L                                     
0000021c  PAIFG                                      
0000021d  PAIFG_H                                    
0000021c  PAIFG_L                                    
00000200  PAIN                                       
00000201  PAIN_H                                     
00000200  PAIN_L                                     
00000202  PAOUT                                      
00000203  PAOUT_H                                    
00000202  PAOUT_L                                    
00000206  PAREN                                      
00000207  PAREN_H                                    
00000206  PAREN_L                                    
0000020a  PASEL                                      
0000020b  PASEL_H                                    
0000020a  PASEL_L                                    
00000224  PBDIR                                      
00000225  PBDIR_H                                    
00000224  PBDIR_L                                    
00000228  PBDS                                       
00000229  PBDS_H                                     
00000228  PBDS_L                                     
00000220  PBIN                                       
00000221  PBIN_H                                     
00000220  PBIN_L                                     
00000222  PBOUT                                      
00000223  PBOUT_H                                    
00000222  PBOUT_L                                    
00000226  PBREN                                      
00000227  PBREN_H                                    
00000226  PBREN_L                                    
0000022a  PBSEL                                      
0000022b  PBSEL_H                                    
0000022a  PBSEL_L                                    
00000244  PCDIR                                      
00000245  PCDIR_H                                    
00000244  PCDIR_L                                    
00000248  PCDS                                       
00000249  PCDS_H                                     
00000248  PCDS_L                                     
00000240  PCIN                                       
00000241  PCIN_H                                     
00000240  PCIN_L                                     
00000242  PCOUT                                      
00000243  PCOUT_H                                    
00000242  PCOUT_L                                    
00000246  PCREN                                      
00000247  PCREN_H                                    
00000246  PCREN_L                                    
0000024a  PCSEL                                      
0000024b  PCSEL_H                                    
0000024a  PCSEL_L                                    
00000264  PDDIR                                      
00000265  PDDIR_H                                    
00000264  PDDIR_L                                    
00000268  PDDS                                       
00000269  PDDS_H                                     
00000268  PDDS_L                                     
00000260  PDIN                                       
00000261  PDIN_H                                     
00000260  PDIN_L                                     
00000262  PDOUT                                      
00000263  PDOUT_H                                    
00000262  PDOUT_L                                    
00000266  PDREN                                      
00000267  PDREN_H                                    
00000266  PDREN_L                                    
0000026a  PDSEL                                      
0000026b  PDSEL_H                                    
0000026a  PDSEL_L                                    
00000324  PJDIR                                      
00000325  PJDIR_H                                    
00000324  PJDIR_L                                    
00000328  PJDS                                       
00000329  PJDS_H                                     
00000328  PJDS_L                                     
00000320  PJIN                                       
00000321  PJIN_H                                     
00000320  PJIN_L                                     
00000322  PJOUT                                      
00000323  PJOUT_H                                    
00000322  PJOUT_L                                    
00000326  PJREN                                      
00000327  PJREN_H                                    
00000326  PJREN_L                                    
00000130  PM5CTL0                                    
00000131  PM5CTL0_H                                  
00000130  PM5CTL0_L                                  
000001c2  PMAPCTL                                    
000001c3  PMAPCTL_H                                  
000001c2  PMAPCTL_L                                  
000001c0  PMAPKEYID                                  
000001c1  PMAPKEYID_H                                
000001c0  PMAPKEYID_L                                
00000120  PMMCTL0                                    
00000121  PMMCTL0_H                                  
00000120  PMMCTL0_L                                  
00000122  PMMCTL1                                    
00000123  PMMCTL1_H                                  
00000122  PMMCTL1_L                                  
0000012c  PMMIFG                                     
0000012d  PMMIFG_H                                   
0000012c  PMMIFG_L                                   
0000012e  PMMRIE                                     
0000012f  PMMRIE_H                                   
0000012e  PMMRIE_L                                   
00000158  RCCTL0                                     
00000159  RCCTL0_H                                   
00000158  RCCTL0_L                                   
000001b0  REFCTL0                                    
000001b1  REFCTL0_H                                  
000001b0  REFCTL0_L                                  
000004e4  RES0                                       
000004e5  RES0_H                                     
000004e4  RES0_L                                     
000004e6  RES1                                       
000004e7  RES1_H                                     
000004e6  RES1_L                                     
000004e8  RES2                                       
000004e9  RES2_H                                     
000004e8  RES2_L                                     
000004ea  RES3                                       
000004eb  RES3_H                                     
000004ea  RES3_L                                     
000004cc  RESHI                                      
000004cd  RESHI_H                                    
000004cc  RESHI_L                                    
000004ca  RESLO                                      
000004cb  RESLO_H                                    
000004ca  RESLO_L                                    
000004ba  RTCADOWDAY                                 
000004bb  RTCADOWDAY_H                               
000004ba  RTCADOWDAY_L                               
000004b8  RTCAMINHR                                  
000004b9  RTCAMINHR_H                                
000004b8  RTCAMINHR_L                                
000004a0  RTCCTL01                                   
000004a1  RTCCTL01_H                                 
000004a0  RTCCTL01_L                                 
000004a2  RTCCTL23                                   
000004a3  RTCCTL23_H                                 
000004a2  RTCCTL23_L                                 
000004b4  RTCDATE                                    
000004b5  RTCDATE_H                                  
000004b4  RTCDATE_L                                  
000004ae  RTCIV                                      
000004ac  RTCPS                                      
000004a8  RTCPS0CTL                                  
000004a9  RTCPS0CTL_H                                
000004a8  RTCPS0CTL_L                                
000004aa  RTCPS1CTL                                  
000004ab  RTCPS1CTL_H                                
000004aa  RTCPS1CTL_L                                
000004ad  RTCPS_H                                    
000004ac  RTCPS_L                                    
000004b0  RTCTIM0                                    
000004b1  RTCTIM0_H                                  
000004b0  RTCTIM0_L                                  
000004b2  RTCTIM1                                    
000004b3  RTCTIM1_H                                  
000004b2  RTCTIM1_L                                  
000004b6  RTCYEAR                                    
000004b7  RTCYEAR_H                                  
000004b6  RTCYEAR_L                                  
00000100  SFRIE1                                     
00000101  SFRIE1_H                                   
00000100  SFRIE1_L                                   
00000102  SFRIFG1                                    
00000103  SFRIFG1_H                                  
00000102  SFRIFG1_L                                  
00000104  SFRRPCR                                    
00000105  SFRRPCR_H                                  
00000104  SFRRPCR_L                                  
000004ce  SUMEXT                                     
000004cf  SUMEXT_H                                   
000004ce  SUMEXT_L                                   
00000124  SVSMHCTL                                   
00000125  SVSMHCTL_H                                 
00000124  SVSMHCTL_L                                 
[...]
00011be6  inv_process_compass_only_cal               
00012350  inv_perform_9x_fusion                      
0001294c  inv_generate_accel_gyro_quaternion         
00012da6  inv_set_terms                              
00013634  inv_check_magnetic_disturbance             
00013a60  main                                       
00013e36  __divull                                   
000141d0  dmp_read_fifo                              
000148c6  inv_fast_nomot_parameter                   
00014f38  inv_generate_fast_nomot                    
00015258  init_imu                                   
000154e8  inv_check_sample_balance                   
00015c4e  _Log                                       
0001611c  inv_filter_correction_angle                
000165d2  _FSin                                      
000167fc  dmp_enable_feature                         
00016a22  inv_q_multf                                
00016c3e  __TI_printfi                               
00016e40  inv_generate_gyro_quaternion               
0001703c  inv_quaternion_to_rotation                 
00017238  inv_q_normalizef                           
00017416  mpu_reset_fifo                             
000175ea  inv_combine_compass_data                   
000177b0  fmodf                                      
00017b2a  inv_check_sim                              
00017ce4  ComputeAngleVelocity                       
00017e98  inv_fast_nomot_set_gyro_bias               
000183a6  inv_q_mult                                 
0001854a  dmp_set_tap_thresh                         
000186e8  dmp_set_orientation                        
00018e78  inv_fast_nomot_store_data                  
00018fe6  atan2                                      
0001914e  atan2f                                     
00019418  mpu_set_sensors                            
000197fa  inv_compass_angle                          
00019942  _Atan                                      
00019a84  _FAtan                                     
00019bc6  __divlli                                   
00019d06  mpu_init                                   
00019e42  mpu_set_bypass                             
00019f7e  __fs_sub                                   
00019f84  __fs_add                                   
0001a2ee  sqrt                                       
0001a40c  sqrtf                                      
0001a52a  _FDscale                                   
0001a646  inv_q_norm4                                
0001a760  mpu_get_compass_reg                        
0001a87a  inv_get_sensor_type_heading                
0001aa80  inv_convert_to_body_with_scale             
0001ac76  inv_sort_order_4_T                         
0001af4a  _fltllid                                   
0001b034  Init_FLL                                   
0001b11c  inv_process_9x_sensor_fusion_cb            
0001b204  mpu_lp_accel_mode                          
0001b2ea  inv_detect_motion_by_gyro_accel            
0001b4ae  inv_apply_calibration                      
0001b58c  acos                                       
0001b668  acosf                                      
0001b744  msp430_reg_int_cb                          
0001b8f4  mpu_lp_motion_interrupt                    
0001b9c8  inv_sensor_data_preprocess                 
0001ba98  inv_register_data_cb                       
0001bb66  mpu_load_firmware                          
0001bc34  inv_init_mpl                               
0001bcfe  mpu_read_fifo_stream                       
0001bdc0  inv_init_maxmin                            
0001be7c  __fs_mpy                                   
0001bfe4  inv_track_dip_angle                        
0001c096  inv_get_gravity                            
0001c146  mpu_set_sample_rate                        
0001c1f6  mpu_get_temperature                        
0001c2a2  msp430_i2c_read                            
0001c34e  msp430_i2c_write                           
0001c54c  inv_add_compass_block_data                 
0001c5f4  msp430_clock_init                          
0001c69c  servo_init                                 
0001c7e2  inv_cheap_rand                             
0001c880  inv_build_compass                          
0001c91c  inv_get_current_calibrated_compass         
0001caee  MagDisturbSetDisturbance                   
0001ccaa  __fs_div                                   
0001cd38  _FDnorm                                    
0001cdc4  inv_build_accel                            
0001ced6  inv_init_fast_nomot                        
0001cf5e  inv_set_gyro_bias                          
0001cfe4  _fixdlli                                   
0001d068  inv_register_load_store                    
0001d0ec  inv_fast_nomot_store_data_compass          
0001d16e  Mag3ofNormalizedLong                       
0001d1ee  ltoa                                       
0001d26e  mpu_set_dmp_state                          
0001d2ee  inv_cheap_gaussian                         
0001d36c  inv_init_vector_compass_cal                
0001d3ea  mpu_set_gyro_fsr                           
0001d468  __fs_tol                                   
0001d4e6  mpu_get_accel_reg                          
0001d562  mpu_set_lpf                                
0001d5de  _auto_init_hold_wdt                        
0001d658  dmp_set_shake_reject_thresh                
0001d6d2  mpu_read_mem                               
0001d74c  mpu_write_mem                              
0001d7c6  inv_q_addf                                 
0001d83e  mpu_set_accel_fsr                          
0001d8b6  msp430_clock_enable                        
0001d92e  dmp_set_fifo_rate                          
0001d9a2  inv_execute_on_data                        
0001da8a  Timer_A_outputPWM                          
0001dafc  mlMatrixVectorMult                         
0001db6e  msp430_i2c_enable                          
0001dbe0  inv_get_last_timestamp                     
0001dd28  inv_reset_compass_soft_iron_matrix         
0001dd90  __fs_toi                                   
0001ddf8  inv_init_results_holder                    
0001de5e  mpu_configure_fifo                         
0001dec4  _FDunscale                                 
0001df28  inv_get_linear_accel                       
0001df8c  inv_set_compass_soft_iron_input_data       
0001dff0  msp430_int_enable                          
0001e054  atoi                                       
0001e0b6  inv_q_rotate                               
0001e118  mpu_set_int_latched                        
0001e178  inv_q_add                                  
0001e1d6  inv_init_magnetic_disturbance              
0001e232  inv_magnetic_disturbance_process           
0001e28e  ldexp                                      
0001e2ea  MagDisturbCheckSettling                    
0001e344  __mpyll_f5hw                               
0001e39e  inv_generate_vector_compass_cal            
0001e3f8  inv_record_max_moment_in_no_motion_accel   
0001e452  inv_record_max_moment_in_no_motion_gyro    
0001e4ac  inv_set_compass_bias                       
0001e506  mpu_set_compass_sample_rate                
0001e560  inv_record_min_moment_in_motion_accel      
0001e5b8  inv_record_min_moment_in_motion_gyro       
0001e610  __divul                                    
0001e610  __remul                                    
0001e668  inv_get_gyro_sum_of_sqr                    
0001e6be  dmp_enable_6x_lp_quat                      
0001e712  dmp_enable_lp_quat                         
0001e766  inv_get_quaternion_set                     
0001e7ba  inv_q_invert                               
0001e80e  mpu_get_lpf                                
0001e862  inv_reset_min_max_gyro_accel_statistics    
0001e904  inv_init_heading_from_gyro                 
0001e9a4  inv_set_default_number_of_samples          
0001ea90  inv_init_data_builder                      
0001eadc  inv_q_invertf                              
0001eb28  inv_start_fast_nomot                       
0001eb74  inv_start_mpl                              
0001ebbe  __fs_cmp                                   
0001ec08  __fs_ltof                                  
0001ec52  dmp_enable_gyro_cal                        
0001ec9a  inv_init_9x_fusion                         
0001ed70  inv_fast_nomot_reset_data_compass          
0001edb6  inv_init_quaternion                        
0001edfc  __fs_tou                                   
0001ee42  inv_start_quaternion                       
0001ee84  SetVCore                                   
0001eec4  __asrll                                    
0001ef04  inv_build_gyro                             
0001ef44  inv_set_motion_state                       
0001ef84  mpu_get_accel_fsr                          
0001efc4  __divli                                    
0001efc4  __remli                                    
0001f004  GPIO_setAsInputPinWithPullUpResistor       
0001f080  inv_fast_nomot_parameter_compass           
0001f0be  inv_set_accel_sample_rate                  
0001f0fc  inv_set_compass_sample_rate                
0001f13a  inv_set_gyro_sample_rate                   
0001f178  L_ASR_15                                   
0001f17c  L_ASR_14                                   
0001f180  L_ASR_13                                   
0001f184  L_ASR_12                                   
0001f188  L_ASR_11                                   
0001f18c  L_ASR_10                                   
0001f190  L_ASR_9                                    
0001f194  L_ASR_8                                    
0001f198  L_ASR_7                                    
0001f19c  L_ASR_6                                    
0001f1a0  L_ASR_5                                    
0001f1a4  L_ASR_4                                    
0001f1a8  L_ASR_3                                    
0001f1ac  L_ASR_2                                    
0001f1b0  L_ASR_1                                    
0001f1b6  L_LSL_15                                   
0001f1ba  L_LSL_14                                   
0001f1be  L_LSL_13                                   
0001f1c2  L_LSL_12                                   
0001f1c6  L_LSL_11                                   
0001f1ca  L_LSL_10                                   
0001f1ce  L_LSL_9                                    
0001f1d2  L_LSL_8                                    
0001f1d6  L_LSL_7                                    
0001f1da  L_LSL_6                                    
0001f1de  L_LSL_5                                    
0001f1e2  L_LSL_4                                    
0001f1e6  L_LSL_3                                    
0001f1ea  L_LSL_2                                    
0001f1ee  L_LSL_1                                    
0001f1f4  L_LSR_15                                   
0001f1f8  L_LSR_14                                   
0001f1fc  L_LSR_13                                   
0001f200  L_LSR_12                                   
0001f204  L_LSR_11                                   
0001f208  L_LSR_10                                   
0001f20c  L_LSR_9                                    
0001f210  L_LSR_8                                    
0001f214  L_LSR_7                                    
0001f218  L_LSR_6                                    
0001f21c  L_LSR_5                                    
0001f220  L_LSR_4                                    
0001f224  L_LSR_3                                    
0001f228  L_LSR_2                                    
0001f22c  L_LSR_1                                    
0001f232  _MLPrintLog                                
0001f26e  mpu_get_gyro_fsr                           
0001f2aa  __lslll                                    
0001f2e4  __lsrll                                    
0001f31e  inv_get_quaternion                         
0001f358  vsprintf                                   
0001f392  _FDclass                                   
0001f402  inv_init_check_sample_balance              
0001f43a  inv_init_gyro_ts                           
0001f472  inv_reset_data_collection                  
0001f4aa  msp430_delay_ms                            
0001f4e2  signal                                     
0001f51a  Init_FLL_Settle                            
0001f550  _Feraise                                   
0001f586  inv_q29_mult                               
0001f5bc  inv_q30_mult                               
0001f5f2  __fs_itof                                  
0001f628  XT1_Start                                  
0001f65c  dmp_set_tap_axes                           
0001f690  feraiseexcept                              
0001f6c4  inv_enable_gyro_tc                         
0001f6f8  inv_get_accel_set                          
0001f72c  inv_build_quat                             
0001f75e  inv_cosf                                   
0001f7f4  raise                                      
0001f826  __fs_ultof                                 
0001f858  XT2_Start                                  
0001f888  frexp                                      
0001f8e8  inv_sinf                                   
0001f916  memmove                                    
0001f944  inv_execute_mpl_start_notification         
0001f970  inv_get_sensor_type_quat                   
0001f9c8  __divi                                     
0001f9c8  __remi                                     
0001f9f4  servo_move_to_degree                       
0001fa20  bcUartInit                                 
0001fa4a  inv_get_compass_soft_iron_output_data      
0001fa74  inv_orientation_matrix_to_scalar           
0001fa9e  GPIO_setAsOutputPin                        
0001fac6  GPIO_setAsPeripheralModuleFunctionOutputPin
0001faee  dmp_set_tap_count                          
0001fb16  inv_get_gyro_bias                          
0001fb3e  blink_sensorhub_led                        
0001fb64  dmp_set_shake_reject_time                  
0001fb8a  dmp_set_shake_reject_timeout               
0001fbb0  dmp_set_tap_time                           
0001fbd6  dmp_set_tap_time_multi                     
0001fbfc  inv_build_temp                             
0001fc22  bcUartSend                                 
0001fc46  inv_set_compass_correction                 
0001fc6a  inv_store_gaming_quaternion                
0001fc8e  __fs_utof                                  
0001fcd4  inv_init_storage_manager                   
0001fcf6  inv_register_mpl_start_notification        
0001fd18  msp430_int_init                            
0001fd3a  __mpyl_f5hw                                
0001fd7c  inv_get_compass_correction                 
0001fd9c  msp430_i2c_disable                         
0001fddc  inv_init_check_sample_balance_parameter    
0001fe18  inv_init_start_manager                     
0001fe36  inv_set_message                            
0001fe54  memccpy                                    
0001fe72  GPIO_setOutputHighOnPin                    
0001fe8e  GPIO_setOutputLowOnPin                     
0001feaa  inv_set_quat_sample_rate                   
0001fec6  strchr                                     
0001fee2  inv_enable_magnetic_disturbance            
0001fefc  dmp_load_motion_driver_firmware            
0001ff14  inv_enable_9x_sensor_fusion                
0001ff2c  inv_enable_fast_nomot                      
0001ff44  msp430_get_clock_ms                        
0001ff5c  llabs                                      
0001ff72  memset                                     
0001ff88  __divu                                     
0001ff88  __remu                                     
0001ff9e  __mpyi_f5hw                                
0001ffc8  inv_enable_heading_from_gyro               
0001ffdc  inv_fast_nomot_get_time_elaps              
0001fff0  inv_start_results_holder                   
00020004  memcpy                                     
00020018  mpu_get_sample_rate                        
0002002c  inv_enable_eMPL_outputs                    
0002003e  inv_enable_quaternion                      
00020050  inv_enable_results_holder                  
00020062  inv_enable_vector_compass_cal              
00020074  inv_get_compass_bias                       
00020098  toupper                                    
000200ba  inv_get_6axis_quaternion                   
000200ca  inv_get_gyro_bias_tc_set                   
000200da  inv_get_mag_accuracy                       
000200ea  inv_set_accel_orientation_and_scale        
000200fa  inv_set_compass_bias_error                 
0002010a  inv_set_compass_orientation_and_scale      
0002011a  inv_set_gyro_orientation_and_scale         
0002012a  inv_set_magnetic_disturbance               
0002013a  L_LSR                                      
0002014a  msp430_get_smclk_freq                      
0002015a  inv_get_accel_on                           
00020168  inv_get_compass_bias_error                 
00020176  inv_get_compass_on                         
00020184  inv_get_gyro                               
00020192  inv_get_gyro_on                            
000201a0  inv_get_local_field                        
000201ae  inv_start_9x_sensor_fusion                 
000201bc  inv_start_gyro_tc                          
000201ca  inv_start_heading_from_gyro                
000201d8  inv_start_magnetic_disturbance             
000201e6  inv_start_vector_compass_cal               
000201f4  labs                                       
00020202  mpu_get_compass_fsr                        
00020210  set_sensor_orientation_and_scale           
0002021e  strlen                                     
0002022c  Timer_A_change_duty_cycle                  
00020238  inv_get_motion_state                       
00020244  abs                                        
0002024e  mpu_get_fifo_config                        
00020258  __fs_neg                                   
00020262  I_LSL                                      
0002026c  I_LSR                                      
00020276  inv_9x_fusion_enable_jitter_reduction      
0002027e  inv_9x_fusion_use_timestamps               
00020286  inv_disable_dip_tracking                   
0002028e  inv_generate_results                       
00020296  cosf                                       
000202a2  inv_accel_was_turned_off                   
000202a8  inv_compass_was_turned_off                 
000202ae  inv_disable_compass_soft_iron_matrix       
000202b4  inv_get_acc_state                          
000202ba  inv_get_accel_accuracy                     
000202c0  inv_get_compass_state                      
000202c6  inv_get_gyro_accuracy                      
000202cc  inv_get_large_mag_field                    
000202d2  inv_get_magnetic_disturbance_state         
000202d8  inv_got_compass_bias                       
000202de  inv_gyro_was_turned_off                    
000202e4  inv_quaternion_sensor_was_turned_off       
000202ea  inv_set_compass_bias_found                 
000202f0  inv_set_compass_disturbance                
000202f6  inv_set_compass_state                      
000202fc  log                                        
00020302  sinf                                       
00020308  _Dscale                                    
0002030c  _Dunscale                                  
00020310  _system_pre_init                           
00020314  C$$EXIT                                    
00020314  abort                                      
00020318  _nop                                       
ffffffff  .text                                      
ffffffff  __binit__                                  
ffffffff  __c_args__                                 
ffffffff  __etext__                                  
ffffffff  __pinit__                                  
ffffffff  __text__                                   
ffffffff  binit                                      
ffffffff  etext                                      
ffffffff  pinit                                      

[1240 symbols]
