<?xml version="1.0"?>
<link_info>
   <banner>MSP430 Linker PC v4.4.5</banner>
   <copyright>Copyright (c) 2003-2015 Texas Instruments Incorporated</copyright>
   <link_time>0x56f3800b</link_time>
   <link_errors>0x0</link_errors>
   <output_file>boat.out</output_file>
   <entry_point>
      <name>_c_int00_noargs_noexit</name>
      <address>0x4664</address>
   </entry_point>
   <input_file_list>
      <input_file id="fl-2">
         <path>.\driverlib\MSP430F5xx_6xx\</path>
         <kind>object</kind>
         <file>adc10_a.obj</file>
         <name>adc10_a.obj</name>
      </input_file>
      <input_file id="fl-3">
         <path>.\driverlib\MSP430F5xx_6xx\</path>
         <kind>object</kind>
         <file>adc12_a.obj</file>
         <name>adc12_a.obj</name>
      </input_file>
      <input_file id="fl-4">
         <path>.\driverlib\MSP430F5xx_6xx\</path>
         <kind>object</kind>
         <file>aes.obj</file>
         <name>aes.obj</name>
      </input_file>
      <input_file id="fl-5">
         <path>.\driverlib\MSP430F5xx_6xx\</path>
         <kind>object</kind>
         <file>battbak.obj</file>
         <name>battbak.obj</name>
      </input_file>
      <input_file id="fl-6">
         <path>.\driverlib\MSP430F5xx_6xx\</path>
         <kind>object</kind>
         <file>comp_b.obj</file>
         <name>comp_b.obj</name>
      </input_file>
      <input_file id="fl-7">
         <path>.\driverlib\MSP430F5xx_6xx\</path>
         <kind>object</kind>
         <file>crc.obj</file>
         <name>crc.obj</name>
      </input_file>
      <input_file id="fl-8">
         <path>.\driverlib\MSP430F5xx_6xx\</path>
         <kind>object</kind>
         <file>ctsd16.obj</file>
         <name>ctsd16.obj</name>
      </input_file>
      <input_file id="fl-9">
         <path>.\driverlib\MSP430F5xx_6xx\</path>
         <kind>object</kind>
         <file>dac12_a.obj</file>
         <name>dac12_a.obj</name>
      </input_file>
      <input_file id="fl-a">
         <path>.\driverlib\MSP430F5xx_6xx\</path>
         <kind>object</kind>
         <file>dma.obj</file>
         <name>dma.obj</name>
      </input_file>
      <input_file id="fl-b">
         <path>.\driverlib\MSP430F5xx_6xx\</path>
         <kind>object</kind>
         <file>eusci_a_spi.obj</file>
         <name>eusci_a_spi.obj</name>
      </input_file>
      <input_file id="fl-c">
         <path>.\driverlib\MSP430F5xx_6xx\</path>
         <kind>object</kind>
         <file>eusci_a_uart.obj</file>
         <name>eusci_a_uart.obj</name>
      </input_file>
      <input_file id="fl-d">
         <path>.\driverlib\MSP430F5xx_6xx\</path>
         <kind>object</kind>
         <file>eusci_b_i2c.obj</file>
         <name>eusci_b_i2c.obj</name>
      </input_file>
      <input_file id="fl-e">
         <path>.\driverlib\MSP430F5xx_6xx\</path>
         <kind>object</kind>
         <file>eusci_b_spi.obj</file>
         <name>eusci_b_spi.obj</name>
      </input_file>
      <input_file id="fl-f">
         <path>.\driverlib\MSP430F5xx_6xx\</path>
         <kind>object</kind>
         <file>flashctl.obj</file>
         <name>flashctl.obj</name>
      </input_file>
      <input_file id="fl-10">
         <path>.\driverlib\MSP430F5xx_6xx\</path>
         <kind>object</kind>
         <file>gpio.obj</file>
         <name>gpio.obj</name>
      </input_file>
      <input_file id="fl-11">
         <path>.\driverlib\MSP430F5xx_6xx\</path>
         <kind>object</kind>
         <file>lcd_b.obj</file>
         <name>lcd_b.obj</name>
      </input_file>
      <input_file id="fl-12">
         <path>.\driverlib\MSP430F5xx_6xx\</path>
         <kind>object</kind>
         <file>ldopwr.obj</file>
         <name>ldopwr.obj</name>
      </input_file>
      <input_file id="fl-13">
         <path>.\driverlib\MSP430F5xx_6xx\</path>
         <kind>object</kind>
         <file>mpy32.obj</file>
         <name>mpy32.obj</name>
      </input_file>
      <input_file id="fl-14">
         <path>.\driverlib\MSP430F5xx_6xx\</path>
         <kind>object</kind>
         <file>oa.obj</file>
         <name>oa.obj</name>
      </input_file>
      <input_file id="fl-15">
         <path>.\driverlib\MSP430F5xx_6xx\</path>
         <kind>object</kind>
         <file>pmap.obj</file>
         <name>pmap.obj</name>
      </input_file>
      <input_file id="fl-16">
         <path>.\driverlib\MSP430F5xx_6xx\</path>
         <kind>object</kind>
         <file>pmm.obj</file>
         <name>pmm.obj</name>
      </input_file>
      <input_file id="fl-17">
         <path>.\driverlib\MSP430F5xx_6xx\</path>
         <kind>object</kind>
         <file>ram.obj</file>
         <name>ram.obj</name>
      </input_file>
      <input_file id="fl-18">
         <path>.\driverlib\MSP430F5xx_6xx\</path>
         <kind>object</kind>
         <file>ref.obj</file>
         <name>ref.obj</name>
      </input_file>
      <input_file id="fl-19">
         <path>.\driverlib\MSP430F5xx_6xx\</path>
         <kind>object</kind>
         <file>rtc_a.obj</file>
         <name>rtc_a.obj</name>
      </input_file>
      <input_file id="fl-1a">
         <path>.\driverlib\MSP430F5xx_6xx\</path>
         <kind>object</kind>
         <file>rtc_b.obj</file>
         <name>rtc_b.obj</name>
      </input_file>
      <input_file id="fl-1b">
         <path>.\driverlib\MSP430F5xx_6xx\</path>
         <kind>object</kind>
         <file>rtc_c.obj</file>
         <name>rtc_c.obj</name>
      </input_file>
      <input_file id="fl-1c">
         <path>.\driverlib\MSP430F5xx_6xx\</path>
         <kind>object</kind>
         <file>sd24_b.obj</file>
         <name>sd24_b.obj</name>
      </input_file>
      <input_file id="fl-1d">
         <path>.\driverlib\MSP430F5xx_6xx\</path>
         <kind>object</kind>
         <file>sfr.obj</file>
         <name>sfr.obj</name>
      </input_file>
      <input_file id="fl-1e">
         <path>.\driverlib\MSP430F5xx_6xx\</path>
         <kind>object</kind>
         <file>sysctl.obj</file>
         <name>sysctl.obj</name>
      </input_file>
      <input_file id="fl-1f">
         <path>.\driverlib\MSP430F5xx_6xx\</path>
         <kind>object</kind>
         <file>tec.obj</file>
         <name>tec.obj</name>
      </input_file>
      <input_file id="fl-20">
         <path>.\driverlib\MSP430F5xx_6xx\</path>
         <kind>object</kind>
         <file>timer_a.obj</file>
         <name>timer_a.obj</name>
      </input_file>
      <input_file id="fl-21">
         <path>.\driverlib\MSP430F5xx_6xx\</path>
         <kind>object</kind>
         <file>timer_b.obj</file>
         <name>timer_b.obj</name>
      </input_file>
      <input_file id="fl-22">
         <path>.\driverlib\MSP430F5xx_6xx\</path>
         <kind>object</kind>
         <file>timer_d.obj</file>
         <name>timer_d.obj</name>
      </input_file>
      <input_file id="fl-23">
         <path>.\driverlib\MSP430F5xx_6xx\</path>
         <kind>object</kind>
         <file>tlv.obj</file>
         <name>tlv.obj</name>
      </input_file>
      <input_file id="fl-24">
         <path>.\driverlib\MSP430F5xx_6xx\</path>
         <kind>object</kind>
         <file>ucs.obj</file>
         <name>ucs.obj</name>
      </input_file>
      <input_file id="fl-25">
         <path>.\driverlib\MSP430F5xx_6xx\</path>
         <kind>object</kind>
         <file>usci_a_spi.obj</file>
         <name>usci_a_spi.obj</name>
      </input_file>
      <input_file id="fl-26">
         <path>.\driverlib\MSP430F5xx_6xx\</path>
         <kind>object</kind>
         <file>usci_a_uart.obj</file>
         <name>usci_a_uart.obj</name>
      </input_file>
      <input_file id="fl-27">
         <path>.\driverlib\MSP430F5xx_6xx\</path>
         <kind>object</kind>
         <file>usci_b_i2c.obj</file>
         <name>usci_b_i2c.obj</name>
      </input_file>
      <input_file id="fl-28">
         <path>.\driverlib\MSP430F5xx_6xx\</path>
         <kind>object</kind>
         <file>usci_b_spi.obj</file>
         <name>usci_b_spi.obj</name>
      </input_file>
      <input_file id="fl-29">
         <path>.\driverlib\MSP430F5xx_6xx\</path>
         <kind>object</kind>
         <file>wdt_a.obj</file>
         <name>wdt_a.obj</name>
      </input_file>
      <input_file id="fl-2a">
         <path>.\core\mllite\</path>
         <kind>object</kind>
         <file>data_builder.obj</file>
         <name>data_builder.obj</name>
      </input_file>
      <input_file id="fl-2b">
         <path>.\core\mllite\</path>
         <kind>object</kind>
         <file>hal_outputs.obj</file>
         <name>hal_outputs.obj</name>
      </input_file>
      <input_file id="fl-2c">
         <path>.\core\mllite\</path>
         <kind>object</kind>
         <file>message_layer.obj</file>
         <name>message_layer.obj</name>
      </input_file>
      <input_file id="fl-2d">
         <path>.\core\mllite\</path>
         <kind>object</kind>
         <file>ml_math_func.obj</file>
         <name>ml_math_func.obj</name>
      </input_file>
      <input_file id="fl-2e">
         <path>.\core\mllite\</path>
         <kind>object</kind>
         <file>mlmath.obj</file>
         <name>mlmath.obj</name>
      </input_file>
      <input_file id="fl-2f">
         <path>.\core\mllite\</path>
         <kind>object</kind>
         <file>mpl.obj</file>
         <name>mpl.obj</name>
      </input_file>
      <input_file id="fl-30">
         <path>.\core\mllite\</path>
         <kind>object</kind>
         <file>results_holder.obj</file>
         <name>results_holder.obj</name>
      </input_file>
      <input_file id="fl-31">
         <path>.\core\mllite\</path>
         <kind>object</kind>
         <file>start_manager.obj</file>
         <name>start_manager.obj</name>
      </input_file>
      <input_file id="fl-32">
         <path>.\core\mllite\</path>
         <kind>object</kind>
         <file>storage_manager.obj</file>
         <name>storage_manager.obj</name>
      </input_file>
      <input_file id="fl-33">
         <path>.\core\eMPL-hal\</path>
         <kind>object</kind>
         <file>eMPL_outputs.obj</file>
         <name>eMPL_outputs.obj</name>
      </input_file>
      <input_file id="fl-34">
         <path>.\core\driver\msp430\</path>
         <kind>object</kind>
         <file>msp430_clock.obj</file>
         <name>msp430_clock.obj</name>
      </input_file>
      <input_file id="fl-35">
         <path>.\core\driver\msp430\</path>
         <kind>object</kind>
         <file>msp430_i2c.obj</file>
         <name>msp430_i2c.obj</name>
      </input_file>
      <input_file id="fl-36">
         <path>.\core\driver\msp430\</path>
         <kind>object</kind>
         <file>msp430_interrupt.obj</file>
         <name>msp430_interrupt.obj</name>
      </input_file>
      <input_file id="fl-37">
         <path>.\core\driver\msp430\F5xx_F6xx_Core_Lib\</path>
         <kind>object</kind>
         <file>HAL_FLASH.obj</file>
         <name>HAL_FLASH.obj</name>
      </input_file>
      <input_file id="fl-38">
         <path>.\core\driver\msp430\F5xx_F6xx_Core_Lib\</path>
         <kind>object</kind>
         <file>HAL_PMAP.obj</file>
         <name>HAL_PMAP.obj</name>
      </input_file>
      <input_file id="fl-39">
         <path>.\core\driver\msp430\F5xx_F6xx_Core_Lib\</path>
         <kind>object</kind>
         <file>HAL_PMM.obj</file>
         <name>HAL_PMM.obj</name>
      </input_file>
      <input_file id="fl-3a">
         <path>.\core\driver\msp430\F5xx_F6xx_Core_Lib\</path>
         <kind>object</kind>
         <file>HAL_TLV.obj</file>
         <name>HAL_TLV.obj</name>
      </input_file>
      <input_file id="fl-3b">
         <path>.\core\driver\msp430\F5xx_F6xx_Core_Lib\</path>
         <kind>object</kind>
         <file>HAL_UCS.obj</file>
         <name>HAL_UCS.obj</name>
      </input_file>
      <input_file id="fl-3c">
         <path>.\core\driver\eMPL\</path>
         <kind>object</kind>
         <file>inv_mpu.obj</file>
         <name>inv_mpu.obj</name>
      </input_file>
      <input_file id="fl-3d">
         <path>.\core\driver\eMPL\</path>
         <kind>object</kind>
         <file>inv_mpu_dmp_motion_driver.obj</file>
         <name>inv_mpu_dmp_motion_driver.obj</name>
      </input_file>
      <input_file id="fl-3e">
         <path>.\app\MSP430\</path>
         <kind>object</kind>
         <file>BCUart.obj</file>
         <name>BCUart.obj</name>
      </input_file>
      <input_file id="fl-3f">
         <path>.\app\MSP430\</path>
         <kind>object</kind>
         <file>imu.obj</file>
         <name>imu.obj</name>
      </input_file>
      <input_file id="fl-40">
         <path>.\app\MSP430\</path>
         <kind>object</kind>
         <file>led.obj</file>
         <name>led.obj</name>
      </input_file>
      <input_file id="fl-41">
         <path>.\app\MSP430\</path>
         <kind>object</kind>
         <file>main.obj</file>
         <name>main.obj</name>
      </input_file>
      <input_file id="fl-42">
         <path>.\app\MSP430\</path>
         <kind>object</kind>
         <file>servo.obj</file>
         <name>servo.obj</name>
      </input_file>
      <input_file id="fl-4b">
         <path>..\core\mpl\</path>
         <kind>archive</kind>
         <file>libmplmpu.lib</file>
         <name>quaternion_supervisor.obj</name>
      </input_file>
      <input_file id="fl-4c">
         <path>..\core\mpl\</path>
         <kind>archive</kind>
         <file>libmplmpu.lib</file>
         <name>mag_disturb.obj</name>
      </input_file>
      <input_file id="fl-4d">
         <path>..\core\mpl\</path>
         <kind>archive</kind>
         <file>libmplmpu.lib</file>
         <name>heading_from_gyro.obj</name>
      </input_file>
      <input_file id="fl-4e">
         <path>..\core\mpl\</path>
         <kind>archive</kind>
         <file>libmplmpu.lib</file>
         <name>gyro_tc.obj</name>
      </input_file>
      <input_file id="fl-4f">
         <path>..\core\mpl\</path>
         <kind>archive</kind>
         <file>libmplmpu.lib</file>
         <name>fusion_9axis.obj</name>
      </input_file>
      <input_file id="fl-50">
         <path>..\core\mpl\</path>
         <kind>archive</kind>
         <file>libmplmpu.lib</file>
         <name>fast_no_motion.obj</name>
      </input_file>
      <input_file id="fl-51">
         <path>..\core\mpl\</path>
         <kind>archive</kind>
         <file>libmplmpu.lib</file>
         <name>compass_vec_cal.obj</name>
      </input_file>
      <input_file id="fl-52">
         <path>..\core\mpl\</path>
         <kind>archive</kind>
         <file>libmplmpu.lib</file>
         <name>accel_auto_cal.obj</name>
      </input_file>
      <input_file id="fl-7c">
         <path>C:\ti\ccsv6\tools\compiler\ti-cgt-msp430_4.4.5\lib\</path>
         <kind>archive</kind>
         <file>rts430x_lc_rd.lib</file>
         <name>abs.obj</name>
      </input_file>
      <input_file id="fl-7d">
         <path>C:\ti\ccsv6\tools\compiler\ti-cgt-msp430_4.4.5\lib\</path>
         <kind>archive</kind>
         <file>rts430x_lc_rd.lib</file>
         <name>acos.obj</name>
      </input_file>
      <input_file id="fl-7e">
         <path>C:\ti\ccsv6\tools\compiler\ti-cgt-msp430_4.4.5\lib\</path>
         <kind>archive</kind>
         <file>rts430x_lc_rd.lib</file>
         <name>acosf.obj</name>
      </input_file>
      <input_file id="fl-7f">
         <path>C:\ti\ccsv6\tools\compiler\ti-cgt-msp430_4.4.5\lib\</path>
         <kind>archive</kind>
         <file>rts430x_lc_rd.lib</file>
         <name>asin.obj</name>
      </input_file>
      <input_file id="fl-80">
         <path>C:\ti\ccsv6\tools\compiler\ti-cgt-msp430_4.4.5\lib\</path>
         <kind>archive</kind>
         <file>rts430x_lc_rd.lib</file>
         <name>asinf.obj</name>
      </input_file>
      <input_file id="fl-81">
         <path>C:\ti\ccsv6\tools\compiler\ti-cgt-msp430_4.4.5\lib\</path>
         <kind>archive</kind>
         <file>rts430x_lc_rd.lib</file>
         <name>asr32.obj</name>
      </input_file>
      <input_file id="fl-82">
         <path>C:\ti\ccsv6\tools\compiler\ti-cgt-msp430_4.4.5\lib\</path>
         <kind>archive</kind>
         <file>rts430x_lc_rd.lib</file>
         <name>asr64.obj</name>
      </input_file>
      <input_file id="fl-83">
         <path>C:\ti\ccsv6\tools\compiler\ti-cgt-msp430_4.4.5\lib\</path>
         <kind>archive</kind>
         <file>rts430x_lc_rd.lib</file>
         <name>atan.obj</name>
      </input_file>
      <input_file id="fl-84">
         <path>C:\ti\ccsv6\tools\compiler\ti-cgt-msp430_4.4.5\lib\</path>
         <kind>archive</kind>
         <file>rts430x_lc_rd.lib</file>
         <name>atan2.obj</name>
      </input_file>
      <input_file id="fl-85">
         <path>C:\ti\ccsv6\tools\compiler\ti-cgt-msp430_4.4.5\lib\</path>
         <kind>archive</kind>
         <file>rts430x_lc_rd.lib</file>
         <name>atan2f.obj</name>
      </input_file>
      <input_file id="fl-86">
         <path>C:\ti\ccsv6\tools\compiler\ti-cgt-msp430_4.4.5\lib\</path>
         <kind>archive</kind>
         <file>rts430x_lc_rd.lib</file>
         <name>boot.obj</name>
      </input_file>
      <input_file id="fl-87">
         <path>C:\ti\ccsv6\tools\compiler\ti-cgt-msp430_4.4.5\lib\</path>
         <kind>archive</kind>
         <file>rts430x_lc_rd.lib</file>
         <name>boot_special.obj</name>
      </input_file>
      <input_file id="fl-88">
         <path>C:\ti\ccsv6\tools\compiler\ti-cgt-msp430_4.4.5\lib\</path>
         <kind>archive</kind>
         <file>rts430x_lc_rd.lib</file>
         <name>ceil.obj</name>
      </input_file>
      <input_file id="fl-89">
         <path>C:\ti\ccsv6\tools\compiler\ti-cgt-msp430_4.4.5\lib\</path>
         <kind>archive</kind>
         <file>rts430x_lc_rd.lib</file>
         <name>copy_decompress_none.obj</name>
      </input_file>
      <input_file id="fl-8a">
         <path>C:\ti\ccsv6\tools\compiler\ti-cgt-msp430_4.4.5\lib\</path>
         <kind>archive</kind>
         <file>rts430x_lc_rd.lib</file>
         <name>copy_decompress_rle.obj</name>
      </input_file>
      <input_file id="fl-8b">
         <path>C:\ti\ccsv6\tools\compiler\ti-cgt-msp430_4.4.5\lib\</path>
         <kind>archive</kind>
         <file>rts430x_lc_rd.lib</file>
         <name>copy_zero_init.obj</name>
      </input_file>
      <input_file id="fl-8c">
         <path>C:\ti\ccsv6\tools\compiler\ti-cgt-msp430_4.4.5\lib\</path>
         <kind>archive</kind>
         <file>rts430x_lc_rd.lib</file>
         <name>cos.obj</name>
      </input_file>
      <input_file id="fl-8d">
         <path>C:\ti\ccsv6\tools\compiler\ti-cgt-msp430_4.4.5\lib\</path>
         <kind>archive</kind>
         <file>rts430x_lc_rd.lib</file>
         <name>cosf.obj</name>
      </input_file>
      <input_file id="fl-8e">
         <path>C:\ti\ccsv6\tools\compiler\ti-cgt-msp430_4.4.5\lib\</path>
         <kind>archive</kind>
         <file>rts430x_lc_rd.lib</file>
         <name>div16s.obj</name>
      </input_file>
      <input_file id="fl-8f">
         <path>C:\ti\ccsv6\tools\compiler\ti-cgt-msp430_4.4.5\lib\</path>
         <kind>archive</kind>
         <file>rts430x_lc_rd.lib</file>
         <name>div16u.obj</name>
      </input_file>
      <input_file id="fl-90">
         <path>C:\ti\ccsv6\tools\compiler\ti-cgt-msp430_4.4.5\lib\</path>
         <kind>archive</kind>
         <file>rts430x_lc_rd.lib</file>
         <name>div32s.obj</name>
      </input_file>
      <input_file id="fl-91">
         <path>C:\ti\ccsv6\tools\compiler\ti-cgt-msp430_4.4.5\lib\</path>
         <kind>archive</kind>
         <file>rts430x_lc_rd.lib</file>
         <name>div32u.obj</name>
      </input_file>
      <input_file id="fl-92">
         <path>C:\ti\ccsv6\tools\compiler\ti-cgt-msp430_4.4.5\lib\</path>
         <kind>archive</kind>
         <file>rts430x_lc_rd.lib</file>
         <name>div64s.obj</name>
      </input_file>
      <input_file id="fl-93">
         <path>C:\ti\ccsv6\tools\compiler\ti-cgt-msp430_4.4.5\lib\</path>
         <kind>archive</kind>
         <file>rts430x_lc_rd.lib</file>
         <name>div64u.obj</name>
      </input_file>
      <input_file id="fl-94">
         <path>C:\ti\ccsv6\tools\compiler\ti-cgt-msp430_4.4.5\lib\</path>
         <kind>archive</kind>
         <file>rts430x_lc_rd.lib</file>
         <name>exit.obj</name>
      </input_file>
      <input_file id="fl-95">
         <path>C:\ti\ccsv6\tools\compiler\ti-cgt-msp430_4.4.5\lib\</path>
         <kind>archive</kind>
         <file>rts430x_lc_rd.lib</file>
         <name>exit_gvars.obj</name>
      </input_file>
      <input_file id="fl-96">
         <path>C:\ti\ccsv6\tools\compiler\ti-cgt-msp430_4.4.5\lib\</path>
         <kind>archive</kind>
         <file>rts430x_lc_rd.lib</file>
         <name>fixdlli.obj</name>
      </input_file>
      <input_file id="fl-97">
         <path>C:\ti\ccsv6\tools\compiler\ti-cgt-msp430_4.4.5\lib\</path>
         <kind>archive</kind>
         <file>rts430x_lc_rd.lib</file>
         <name>floor.obj</name>
      </input_file>
      <input_file id="fl-98">
         <path>C:\ti\ccsv6\tools\compiler\ti-cgt-msp430_4.4.5\lib\</path>
         <kind>archive</kind>
         <file>rts430x_lc_rd.lib</file>
         <name>fltllid.obj</name>
      </input_file>
      <input_file id="fl-99">
         <path>C:\ti\ccsv6\tools\compiler\ti-cgt-msp430_4.4.5\lib\</path>
         <kind>archive</kind>
         <file>rts430x_lc_rd.lib</file>
         <name>fs_add.obj</name>
      </input_file>
      <input_file id="fl-9a">
         <path>C:\ti\ccsv6\tools\compiler\ti-cgt-msp430_4.4.5\lib\</path>
         <kind>archive</kind>
         <file>rts430x_lc_rd.lib</file>
         <name>fs_cmp.obj</name>
      </input_file>
      <input_file id="fl-9b">
         <path>C:\ti\ccsv6\tools\compiler\ti-cgt-msp430_4.4.5\lib\</path>
         <kind>archive</kind>
         <file>rts430x_lc_rd.lib</file>
         <name>fs_div.obj</name>
      </input_file>
      <input_file id="fl-9c">
         <path>C:\ti\ccsv6\tools\compiler\ti-cgt-msp430_4.4.5\lib\</path>
         <kind>archive</kind>
         <file>rts430x_lc_rd.lib</file>
         <name>fs_itof.obj</name>
      </input_file>
      <input_file id="fl-9d">
         <path>C:\ti\ccsv6\tools\compiler\ti-cgt-msp430_4.4.5\lib\</path>
         <kind>archive</kind>
         <file>rts430x_lc_rd.lib</file>
         <name>fs_ltof.obj</name>
      </input_file>
      <input_file id="fl-9e">
         <path>C:\ti\ccsv6\tools\compiler\ti-cgt-msp430_4.4.5\lib\</path>
         <kind>archive</kind>
         <file>rts430x_lc_rd.lib</file>
         <name>fs_mpy.obj</name>
      </input_file>
      <input_file id="fl-9f">
         <path>C:\ti\ccsv6\tools\compiler\ti-cgt-msp430_4.4.5\lib\</path>
         <kind>archive</kind>
         <file>rts430x_lc_rd.lib</file>
         <name>fs_neg.obj</name>
      </input_file>
      <input_file id="fl-a0">
         <path>C:\ti\ccsv6\tools\compiler\ti-cgt-msp430_4.4.5\lib\</path>
         <kind>archive</kind>
         <file>rts430x_lc_rd.lib</file>
         <name>fs_toi.obj</name>
      </input_file>
      <input_file id="fl-a1">
         <path>C:\ti\ccsv6\tools\compiler\ti-cgt-msp430_4.4.5\lib\</path>
         <kind>archive</kind>
         <file>rts430x_lc_rd.lib</file>
         <name>fs_tol.obj</name>
      </input_file>
      <input_file id="fl-a2">
         <path>C:\ti\ccsv6\tools\compiler\ti-cgt-msp430_4.4.5\lib\</path>
         <kind>archive</kind>
         <file>rts430x_lc_rd.lib</file>
         <name>fs_tou.obj</name>
      </input_file>
      <input_file id="fl-a3">
         <path>C:\ti\ccsv6\tools\compiler\ti-cgt-msp430_4.4.5\lib\</path>
         <kind>archive</kind>
         <file>rts430x_lc_rd.lib</file>
         <name>fs_ultof.obj</name>
      </input_file>
      <input_file id="fl-a4">
         <path>C:\ti\ccsv6\tools\compiler\ti-cgt-msp430_4.4.5\lib\</path>
         <kind>archive</kind>
         <file>rts430x_lc_rd.lib</file>
         <name>fs_utof.obj</name>
      </input_file>
      <input_file id="fl-a5">
         <path>C:\ti\ccsv6\tools\compiler\ti-cgt-msp430_4.4.5\lib\</path>
         <kind>archive</kind>
         <file>rts430x_lc_rd.lib</file>
         <name>int41.obj</name>
      </input_file>
      <input_file id="fl-a6">
         <path>C:\ti\ccsv6\tools\compiler\ti-cgt-msp430_4.4.5\lib\</path>
         <kind>archive</kind>
         <file>rts430x_lc_rd.lib</file>
         <name>int43.obj</name>
      </input_file>
      <input_file id="fl-a7">
         <path>C:\ti\ccsv6\tools\compiler\ti-cgt-msp430_4.4.5\lib\</path>
         <kind>archive</kind>
         <file>rts430x_lc_rd.lib</file>
         <name>int44.obj</name>
      </input_file>
      <input_file id="fl-a8">
         <path>C:\ti\ccsv6\tools\compiler\ti-cgt-msp430_4.4.5\lib\</path>
         <kind>archive</kind>
         <file>rts430x_lc_rd.lib</file>
         <name>int45.obj</name>
      </input_file>
      <input_file id="fl-a9">
         <path>C:\ti\ccsv6\tools\compiler\ti-cgt-msp430_4.4.5\lib\</path>
         <kind>archive</kind>
         <file>rts430x_lc_rd.lib</file>
         <name>int48.obj</name>
      </input_file>
      <input_file id="fl-aa">
         <path>C:\ti\ccsv6\tools\compiler\ti-cgt-msp430_4.4.5\lib\</path>
         <kind>archive</kind>
         <file>rts430x_lc_rd.lib</file>
         <name>int49.obj</name>
      </input_file>
      <input_file id="fl-ab">
         <path>C:\ti\ccsv6\tools\compiler\ti-cgt-msp430_4.4.5\lib\</path>
         <kind>archive</kind>
         <file>rts430x_lc_rd.lib</file>
         <name>int50.obj</name>
      </input_file>
      <input_file id="fl-ac">
         <path>C:\ti\ccsv6\tools\compiler\ti-cgt-msp430_4.4.5\lib\</path>
         <kind>archive</kind>
         <file>rts430x_lc_rd.lib</file>
         <name>int51.obj</name>
      </input_file>
      <input_file id="fl-ad">
         <path>C:\ti\ccsv6\tools\compiler\ti-cgt-msp430_4.4.5\lib\</path>
         <kind>archive</kind>
         <file>rts430x_lc_rd.lib</file>
         <name>int52.obj</name>
      </input_file>
      <input_file id="fl-ae">
         <path>C:\ti\ccsv6\tools\compiler\ti-cgt-msp430_4.4.5\lib\</path>
         <kind>archive</kind>
         <file>rts430x_lc_rd.lib</file>
         <name>int53.obj</name>
      </input_file>
      <input_file id="fl-af">
         <path>C:\ti\ccsv6\tools\compiler\ti-cgt-msp430_4.4.5\lib\</path>
         <kind>archive</kind>
         <file>rts430x_lc_rd.lib</file>
         <name>int54.obj</name>
      </input_file>
      <input_file id="fl-b0">
         <path>C:\ti\ccsv6\tools\compiler\ti-cgt-msp430_4.4.5\lib\</path>
         <kind>archive</kind>
         <file>rts430x_lc_rd.lib</file>
         <name>int56.obj</name>
      </input_file>
      <input_file id="fl-b1">
         <path>C:\ti\ccsv6\tools\compiler\ti-cgt-msp430_4.4.5\lib\</path>
         <kind>archive</kind>
         <file>rts430x_lc_rd.lib</file>
         <name>int57.obj</name>
      </input_file>
      <input_file id="fl-b2">
         <path>C:\ti\ccsv6\tools\compiler\ti-cgt-msp430_4.4.5\lib\</path>
         <kind>archive</kind>
         <file>rts430x_lc_rd.lib</file>
         <name>int58.obj</name>
      </input_file>
      <input_file id="fl-b3">
         <path>C:\ti\ccsv6\tools\compiler\ti-cgt-msp430_4.4.5\lib\</path>
         <kind>archive</kind>
         <file>rts430x_lc_rd.lib</file>
         <name>int60.obj</name>
      </input_file>
      <input_file id="fl-b4">
         <path>C:\ti\ccsv6\tools\compiler\ti-cgt-msp430_4.4.5\lib\</path>
         <kind>archive</kind>
         <file>rts430x_lc_rd.lib</file>
         <name>int62.obj</name>
      </input_file>
      <input_file id="fl-b5">
         <path>C:\ti\ccsv6\tools\compiler\ti-cgt-msp430_4.4.5\lib\</path>
         <kind>archive</kind>
         <file>rts430x_lc_rd.lib</file>
         <name>isr_trap.obj</name>
      </input_file>
      <input_file id="fl-b6">
         <path>C:\ti\ccsv6\tools\compiler\ti-cgt-msp430_4.4.5\lib\</path>
         <kind>archive</kind>
         <file>rts430x_lc_rd.lib</file>
         <name>labs.obj</name>
      </input_file>
      <input_file id="fl-b7">
         <path>C:\ti\ccsv6\tools\compiler\ti-cgt-msp430_4.4.5\lib\</path>
         <kind>archive</kind>
         <file>rts430x_lc_rd.lib</file>
         <name>llabs.obj</name>
      </input_file>
      <input_file id="fl-b8">
         <path>C:\ti\ccsv6\tools\compiler\ti-cgt-msp430_4.4.5\lib\</path>
         <kind>archive</kind>
         <file>rts430x_lc_rd.lib</file>
         <name>log.obj</name>
      </input_file>
      <input_file id="fl-b9">
         <path>C:\ti\ccsv6\tools\compiler\ti-cgt-msp430_4.4.5\lib\</path>
         <kind>archive</kind>
         <file>rts430x_lc_rd.lib</file>
         <name>lsl16.obj</name>
      </input_file>
      <input_file id="fl-ba">
         <path>C:\ti\ccsv6\tools\compiler\ti-cgt-msp430_4.4.5\lib\</path>
         <kind>archive</kind>
         <file>rts430x_lc_rd.lib</file>
         <name>lsl32.obj</name>
      </input_file>
      <input_file id="fl-bb">
         <path>C:\ti\ccsv6\tools\compiler\ti-cgt-msp430_4.4.5\lib\</path>
         <kind>archive</kind>
         <file>rts430x_lc_rd.lib</file>
         <name>lsl64.obj</name>
      </input_file>
      <input_file id="fl-bc">
         <path>C:\ti\ccsv6\tools\compiler\ti-cgt-msp430_4.4.5\lib\</path>
         <kind>archive</kind>
         <file>rts430x_lc_rd.lib</file>
         <name>lsr32.obj</name>
      </input_file>
      <input_file id="fl-bd">
         <path>C:\ti\ccsv6\tools\compiler\ti-cgt-msp430_4.4.5\lib\</path>
         <kind>archive</kind>
         <file>rts430x_lc_rd.lib</file>
         <name>lsr64.obj</name>
      </input_file>
      <input_file id="fl-be">
         <path>C:\ti\ccsv6\tools\compiler\ti-cgt-msp430_4.4.5\lib\</path>
         <kind>archive</kind>
         <file>rts430x_lc_rd.lib</file>
         <name>memcpy.obj</name>
      </input_file>
      <input_file id="fl-bf">
         <path>C:\ti\ccsv6\tools\compiler\ti-cgt-msp430_4.4.5\lib\</path>
         <kind>archive</kind>
         <file>rts430x_lc_rd.lib</file>
         <name>memmov.obj</name>
      </input_file>
      <input_file id="fl-c0">
         <path>C:\ti\ccsv6\tools\compiler\ti-cgt-msp430_4.4.5\lib\</path>
         <kind>archive</kind>
         <file>rts430x_lc_rd.lib</file>
         <name>memset.obj</name>
      </input_file>
      <input_file id="fl-c1">
         <path>C:\ti\ccsv6\tools\compiler\ti-cgt-msp430_4.4.5\lib\</path>
         <kind>archive</kind>
         <file>rts430x_lc_rd.lib</file>
         <name>mpu_init.obj</name>
      </input_file>
      <input_file id="fl-c2">
         <path>C:\ti\ccsv6\tools\compiler\ti-cgt-msp430_4.4.5\lib\</path>
         <kind>archive</kind>
         <file>rts430x_lc_rd.lib</file>
         <name>mult16.obj</name>
      </input_file>
      <input_file id="fl-c3">
         <path>C:\ti\ccsv6\tools\compiler\ti-cgt-msp430_4.4.5\lib\</path>
         <kind>archive</kind>
         <file>rts430x_lc_rd.lib</file>
         <name>mult1632_f5hw.obj</name>
      </input_file>
      <input_file id="fl-c4">
         <path>C:\ti\ccsv6\tools\compiler\ti-cgt-msp430_4.4.5\lib\</path>
         <kind>archive</kind>
         <file>rts430x_lc_rd.lib</file>
         <name>mult16_f5hw.obj</name>
      </input_file>
      <input_file id="fl-c5">
         <path>C:\ti\ccsv6\tools\compiler\ti-cgt-msp430_4.4.5\lib\</path>
         <kind>archive</kind>
         <file>rts430x_lc_rd.lib</file>
         <name>mult32.obj</name>
      </input_file>
      <input_file id="fl-c6">
         <path>C:\ti\ccsv6\tools\compiler\ti-cgt-msp430_4.4.5\lib\</path>
         <kind>archive</kind>
         <file>rts430x_lc_rd.lib</file>
         <name>mult3264_f5hw.obj</name>
      </input_file>
      <input_file id="fl-c7">
         <path>C:\ti\ccsv6\tools\compiler\ti-cgt-msp430_4.4.5\lib\</path>
         <kind>archive</kind>
         <file>rts430x_lc_rd.lib</file>
         <name>mult32_f5hw.obj</name>
      </input_file>
      <input_file id="fl-c8">
         <path>C:\ti\ccsv6\tools\compiler\ti-cgt-msp430_4.4.5\lib\</path>
         <kind>archive</kind>
         <file>rts430x_lc_rd.lib</file>
         <name>mult64.obj</name>
      </input_file>
      <input_file id="fl-c9">
         <path>C:\ti\ccsv6\tools\compiler\ti-cgt-msp430_4.4.5\lib\</path>
         <kind>archive</kind>
         <file>rts430x_lc_rd.lib</file>
         <name>mult64_f5hw.obj</name>
      </input_file>
      <input_file id="fl-ca">
         <path>C:\ti\ccsv6\tools\compiler\ti-cgt-msp430_4.4.5\lib\</path>
         <kind>archive</kind>
         <file>rts430x_lc_rd.lib</file>
         <name>pow.obj</name>
      </input_file>
      <input_file id="fl-cb">
         <path>C:\ti\ccsv6\tools\compiler\ti-cgt-msp430_4.4.5\lib\</path>
         <kind>archive</kind>
         <file>rts430x_lc_rd.lib</file>
         <name>pre_init.obj</name>
      </input_file>
      <input_file id="fl-cc">
         <path>C:\ti\ccsv6\tools\compiler\ti-cgt-msp430_4.4.5\lib\</path>
         <kind>archive</kind>
         <file>rts430x_lc_rd.lib</file>
         <name>sin.obj</name>
      </input_file>
      <input_file id="fl-cd">
         <path>C:\ti\ccsv6\tools\compiler\ti-cgt-msp430_4.4.5\lib\</path>
         <kind>archive</kind>
         <file>rts430x_lc_rd.lib</file>
         <name>sinf.obj</name>
      </input_file>
      <input_file id="fl-ce">
         <path>C:\ti\ccsv6\tools\compiler\ti-cgt-msp430_4.4.5\lib\</path>
         <kind>archive</kind>
         <file>rts430x_lc_rd.lib</file>
         <name>sqrt.obj</name>
      </input_file>
      <input_file id="fl-cf">
         <path>C:\ti\ccsv6\tools\compiler\ti-cgt-msp430_4.4.5\lib\</path>
         <kind>archive</kind>
         <file>rts430x_lc_rd.lib</file>
         <name>sqrtf.obj</name>
      </input_file>
      <input_file id="fl-d0">
         <path>C:\ti\ccsv6\tools\compiler\ti-cgt-msp430_4.4.5\lib\</path>
         <kind>archive</kind>
         <file>rts430x_lc_rd.lib</file>
         <name>vsprintf.obj</name>
      </input_file>
      <input_file id="fl-d1">
         <path>C:\ti\ccsv6\tools\compiler\ti-cgt-msp430_4.4.5\lib\</path>
         <kind>archive</kind>
         <file>rts430x_lc_rd.lib</file>
         <name>xatan.obj</name>
      </input_file>
      <input_file id="fl-d2">
         <path>C:\ti\ccsv6\tools\compiler\ti-cgt-msp430_4.4.5\lib\</path>
         <kind>archive</kind>
         <file>rts430x_lc_rd.lib</file>
         <name>xdint.obj</name>
      </input_file>
      <input_file id="fl-d3">
         <path>C:\ti\ccsv6\tools\compiler\ti-cgt-msp430_4.4.5\lib\</path>
         <kind>archive</kind>
         <file>rts430x_lc_rd.lib</file>
         <name>xdscale.obj</name>
      </input_file>
      <input_file id="fl-d4">
         <path>C:\ti\ccsv6\tools\compiler\ti-cgt-msp430_4.4.5\lib\</path>
         <kind>archive</kind>
         <file>rts430x_lc_rd.lib</file>
         <name>xdunscal.obj</name>
      </input_file>
      <input_file id="fl-d5">
         <path>C:\ti\ccsv6\tools\compiler\ti-cgt-msp430_4.4.5\lib\</path>
         <kind>archive</kind>
         <file>rts430x_lc_rd.lib</file>
         <name>xexp.obj</name>
      </input_file>
      <input_file id="fl-d6">
         <path>C:\ti\ccsv6\tools\compiler\ti-cgt-msp430_4.4.5\lib\</path>
         <kind>archive</kind>
         <file>rts430x_lc_rd.lib</file>
         <name>xfatan.obj</name>
      </input_file>
      <input_file id="fl-d7">
         <path>C:\ti\ccsv6\tools\compiler\ti-cgt-msp430_4.4.5\lib\</path>
         <kind>archive</kind>
         <file>rts430x_lc_rd.lib</file>
         <name>xfdint.obj</name>
      </input_file>
      <input_file id="fl-d8">
         <path>C:\ti\ccsv6\tools\compiler\ti-cgt-msp430_4.4.5\lib\</path>
         <kind>archive</kind>
         <file>rts430x_lc_rd.lib</file>
         <name>xfdscale.obj</name>
      </input_file>
      <input_file id="fl-d9">
         <path>C:\ti\ccsv6\tools\compiler\ti-cgt-msp430_4.4.5\lib\</path>
         <kind>archive</kind>
         <file>rts430x_lc_rd.lib</file>
         <name>xfdunsca.obj</name>
      </input_file>
      <input_file id="fl-da">
         <path>C:\ti\ccsv6\tools\compiler\ti-cgt-msp430_4.4.5\lib\</path>
         <kind>archive</kind>
         <file>rts430x_lc_rd.lib</file>
         <name>xferaise.obj</name>
      </input_file>
      <input_file id="fl-db">
         <path>C:\ti\ccsv6\tools\compiler\ti-cgt-msp430_4.4.5\lib\</path>
         <kind>archive</kind>
         <file>rts430x_lc_rd.lib</file>
         <name>xfsin.obj</name>
      </input_file>
      <input_file id="fl-dc">
         <path>C:\ti\ccsv6\tools\compiler\ti-cgt-msp430_4.4.5\lib\</path>
         <kind>archive</kind>
         <file>rts430x_lc_rd.lib</file>
         <name>xfvalues.obj</name>
      </input_file>
      <input_file id="fl-dd">
         <path>C:\ti\ccsv6\tools\compiler\ti-cgt-msp430_4.4.5\lib\</path>
         <kind>archive</kind>
         <file>rts430x_lc_rd.lib</file>
         <name>xlog.obj</name>
      </input_file>
      <input_file id="fl-de">
         <path>C:\ti\ccsv6\tools\compiler\ti-cgt-msp430_4.4.5\lib\</path>
         <kind>archive</kind>
         <file>rts430x_lc_rd.lib</file>
         <name>xsin.obj</name>
      </input_file>
      <input_file id="fl-df">
         <path>C:\ti\ccsv6\tools\compiler\ti-cgt-msp430_4.4.5\lib\</path>
         <kind>archive</kind>
         <file>rts430x_lc_rd.lib</file>
         <name>xvalues.obj</name>
      </input_file>
      <input_file id="fl-e0">
         <path>C:\ti\ccsv6\tools\compiler\ti-cgt-msp430_4.4.5\lib\</path>
         <kind>archive</kind>
         <file>rts430x_lc_rd.lib</file>
         <name>_lock.obj</name>
      </input_file>
      <input_file id="fl-e1">
         <path>C:\ti\ccsv6\tools\compiler\ti-cgt-msp430_4.4.5\lib\</path>
         <kind>archive</kind>
         <file>rts430x_lc_rd.lib</file>
         <name>_printfi.obj</name>
      </input_file>
      <input_file id="fl-e2">
         <path>C:\ti\ccsv6\tools\compiler\ti-cgt-msp430_4.4.5\lib\</path>
         <kind>archive</kind>
         <file>rts430x_lc_rd.lib</file>
         <name>args_main.obj</name>
      </input_file>
      <input_file id="fl-e3">
         <path>C:\ti\ccsv6\tools\compiler\ti-cgt-msp430_4.4.5\lib\</path>
         <kind>archive</kind>
         <file>rts430x_lc_rd.lib</file>
         <name>atoi.obj</name>
      </input_file>
      <input_file id="fl-e4">
         <path>C:\ti\ccsv6\tools\compiler\ti-cgt-msp430_4.4.5\lib\</path>
         <kind>archive</kind>
         <file>rts430x_lc_rd.lib</file>
         <name>autoinit_wdt.obj</name>
      </input_file>
      <input_file id="fl-e5">
         <path>C:\ti\ccsv6\tools\compiler\ti-cgt-msp430_4.4.5\lib\</path>
         <kind>archive</kind>
         <file>rts430x_lc_rd.lib</file>
         <name>ctype.obj</name>
      </input_file>
      <input_file id="fl-e6">
         <path>C:\ti\ccsv6\tools\compiler\ti-cgt-msp430_4.4.5\lib\</path>
         <kind>archive</kind>
         <file>rts430x_lc_rd.lib</file>
         <name>errno.obj</name>
      </input_file>
      <input_file id="fl-e7">
         <path>C:\ti\ccsv6\tools\compiler\ti-cgt-msp430_4.4.5\lib\</path>
         <kind>archive</kind>
         <file>rts430x_lc_rd.lib</file>
         <name>feraiseexcept.obj</name>
      </input_file>
      <input_file id="fl-e8">
         <path>C:\ti\ccsv6\tools\compiler\ti-cgt-msp430_4.4.5\lib\</path>
         <kind>archive</kind>
         <file>rts430x_lc_rd.lib</file>
         <name>fmod.obj</name>
      </input_file>
      <input_file id="fl-e9">
         <path>C:\ti\ccsv6\tools\compiler\ti-cgt-msp430_4.4.5\lib\</path>
         <kind>archive</kind>
         <file>rts430x_lc_rd.lib</file>
         <name>fmodf.obj</name>
      </input_file>
      <input_file id="fl-ea">
         <path>C:\ti\ccsv6\tools\compiler\ti-cgt-msp430_4.4.5\lib\</path>
         <kind>archive</kind>
         <file>rts430x_lc_rd.lib</file>
         <name>frexp.obj</name>
      </input_file>
      <input_file id="fl-eb">
         <path>C:\ti\ccsv6\tools\compiler\ti-cgt-msp430_4.4.5\lib\</path>
         <kind>archive</kind>
         <file>rts430x_lc_rd.lib</file>
         <name>ldexp.obj</name>
      </input_file>
      <input_file id="fl-ec">
         <path>C:\ti\ccsv6\tools\compiler\ti-cgt-msp430_4.4.5\lib\</path>
         <kind>archive</kind>
         <file>rts430x_lc_rd.lib</file>
         <name>lsr16.obj</name>
      </input_file>
      <input_file id="fl-ed">
         <path>C:\ti\ccsv6\tools\compiler\ti-cgt-msp430_4.4.5\lib\</path>
         <kind>archive</kind>
         <file>rts430x_lc_rd.lib</file>
         <name>ltoa.obj</name>
      </input_file>
      <input_file id="fl-ee">
         <path>C:\ti\ccsv6\tools\compiler\ti-cgt-msp430_4.4.5\lib\</path>
         <kind>archive</kind>
         <file>rts430x_lc_rd.lib</file>
         <name>memccpy.obj</name>
      </input_file>
      <input_file id="fl-ef">
         <path>C:\ti\ccsv6\tools\compiler\ti-cgt-msp430_4.4.5\lib\</path>
         <kind>archive</kind>
         <file>rts430x_lc_rd.lib</file>
         <name>mult1632.obj</name>
      </input_file>
      <input_file id="fl-f0">
         <path>C:\ti\ccsv6\tools\compiler\ti-cgt-msp430_4.4.5\lib\</path>
         <kind>archive</kind>
         <file>rts430x_lc_rd.lib</file>
         <name>raise.obj</name>
      </input_file>
      <input_file id="fl-f1">
         <path>C:\ti\ccsv6\tools\compiler\ti-cgt-msp430_4.4.5\lib\</path>
         <kind>archive</kind>
         <file>rts430x_lc_rd.lib</file>
         <name>signal.obj</name>
      </input_file>
      <input_file id="fl-f2">
         <path>C:\ti\ccsv6\tools\compiler\ti-cgt-msp430_4.4.5\lib\</path>
         <kind>archive</kind>
         <file>rts430x_lc_rd.lib</file>
         <name>strchr.obj</name>
      </input_file>
      <input_file id="fl-f3">
         <path>C:\ti\ccsv6\tools\compiler\ti-cgt-msp430_4.4.5\lib\</path>
         <kind>archive</kind>
         <file>rts430x_lc_rd.lib</file>
         <name>strlen.obj</name>
      </input_file>
      <input_file id="fl-f4">
         <path>C:\ti\ccsv6\tools\compiler\ti-cgt-msp430_4.4.5\lib\</path>
         <kind>archive</kind>
         <file>rts430x_lc_rd.lib</file>
         <name>toupper.obj</name>
      </input_file>
      <input_file id="fl-f5">
         <path>C:\ti\ccsv6\tools\compiler\ti-cgt-msp430_4.4.5\lib\</path>
         <kind>archive</kind>
         <file>rts430x_lc_rd.lib</file>
         <name>xdnorm.obj</name>
      </input_file>
      <input_file id="fl-f6">
         <path>C:\ti\ccsv6\tools\compiler\ti-cgt-msp430_4.4.5\lib\</path>
         <kind>archive</kind>
         <file>rts430x_lc_rd.lib</file>
         <name>xfdclass.obj</name>
      </input_file>
      <input_file id="fl-f7">
         <path>C:\ti\ccsv6\tools\compiler\ti-cgt-msp430_4.4.5\lib\</path>
         <kind>archive</kind>
         <file>rts430x_lc_rd.lib</file>
         <name>xfdnorm.obj</name>
      </input_file>
   </input_file_list>
   <object_component_list>
      <object_component id="oc-105">
         <name>.bss</name>
         <uninitialized>true</uninitialized>
         <run_address>0x3a94</run_address>
         <size>0x8</size>
         <input_file_ref idref="fl-24"/>
      </object_component>
      <object_component id="oc-125">
         <name>.bss</name>
         <uninitialized>true</uninitialized>
         <run_address>0x2c78</run_address>
         <size>0x24e</size>
         <input_file_ref idref="fl-2a"/>
      </object_component>
      <object_component id="oc-12c">
         <name>.bss</name>
         <uninitialized>true</uninitialized>
         <run_address>0x347e</run_address>
         <size>0xcc</size>
         <input_file_ref idref="fl-2b"/>
      </object_component>
      <object_component id="oc-133">
         <name>.bss</name>
         <uninitialized>true</uninitialized>
         <run_address>0x3aa4</run_address>
         <size>0x4</size>
         <input_file_ref idref="fl-2c"/>
      </object_component>
      <object_component id="oc-149">
         <name>.bss</name>
         <uninitialized>true</uninitialized>
         <run_address>0x371a</run_address>
         <size>0x7a</size>
         <input_file_ref idref="fl-30"/>
      </object_component>
      <object_component id="oc-14f">
         <name>.bss</name>
         <uninitialized>true</uninitialized>
         <run_address>0x3930</run_address>
         <size>0x52</size>
         <input_file_ref idref="fl-31"/>
      </object_component>
      <object_component id="oc-155">
         <name>.bss</name>
         <uninitialized>true</uninitialized>
         <run_address>0x307c</run_address>
         <size>0x16c</size>
         <input_file_ref idref="fl-32"/>
      </object_component>
      <object_component id="oc-15b">
         <name>.bss</name>
         <uninitialized>true</uninitialized>
         <run_address>0x3a34</run_address>
         <size>0x1e</size>
         <input_file_ref idref="fl-33"/>
      </object_component>
      <object_component id="oc-161">
         <name>.bss</name>
         <uninitialized>true</uninitialized>
         <run_address>0x3a52</run_address>
         <size>0x1e</size>
         <input_file_ref idref="fl-34"/>
      </object_component>
      <object_component id="oc-168">
         <name>.bss</name>
         <uninitialized>true</uninitialized>
         <run_address>0x3a80</run_address>
         <size>0xc</size>
         <input_file_ref idref="fl-35"/>
      </object_component>
      <object_component id="oc-16f">
         <name>.bss</name>
         <uninitialized>true</uninitialized>
         <run_address>0x38de</run_address>
         <size>0x52</size>
         <input_file_ref idref="fl-36"/>
      </object_component>
      <object_component id="oc-18f">
         <name>.bss</name>
         <uninitialized>true</uninitialized>
         <run_address>0x39ca</run_address>
         <size>0x36</size>
         <input_file_ref idref="fl-3c"/>
      </object_component>
      <object_component id="oc-198">
         <name>.bss</name>
         <uninitialized>true</uninitialized>
         <run_address>0x3a70</run_address>
         <size>0x10</size>
         <input_file_ref idref="fl-3d"/>
      </object_component>
      <object_component id="oc-1a0">
         <name>.bss</name>
         <uninitialized>true</uninitialized>
         <run_address>0x3696</run_address>
         <size>0x83</size>
         <input_file_ref idref="fl-3e"/>
      </object_component>
      <object_component id="oc-1a7">
         <name>.bss</name>
         <uninitialized>true</uninitialized>
         <run_address>0x3a00</run_address>
         <size>0x34</size>
         <input_file_ref idref="fl-3f"/>
      </object_component>
      <object_component id="oc-1af">
         <name>.bss</name>
         <uninitialized>true</uninitialized>
         <run_address>0x3aa8</run_address>
         <size>0x2</size>
         <input_file_ref idref="fl-40"/>
      </object_component>
      <object_component id="oc-1bc">
         <name>.bss</name>
         <uninitialized>true</uninitialized>
         <run_address>0x31e8</run_address>
         <size>0x16a</size>
         <input_file_ref idref="fl-42"/>
      </object_component>
      <object_component id="oc-1c3">
         <name>.bss</name>
         <uninitialized>true</uninitialized>
         <run_address>0x380c</run_address>
         <size>0x6a</size>
         <input_file_ref idref="fl-4b"/>
      </object_component>
      <object_component id="oc-1c9">
         <name>.bss</name>
         <uninitialized>true</uninitialized>
         <run_address>0x35fa</run_address>
         <size>0x9c</size>
         <input_file_ref idref="fl-4c"/>
      </object_component>
      <object_component id="oc-1cf">
         <name>.bss</name>
         <uninitialized>true</uninitialized>
         <run_address>0x3982</run_address>
         <size>0x48</size>
         <input_file_ref idref="fl-4d"/>
      </object_component>
      <object_component id="oc-1d4">
         <name>.bss</name>
         <uninitialized>true</uninitialized>
         <run_address>0x2ec6</run_address>
         <size>0x1b6</size>
         <input_file_ref idref="fl-4e"/>
      </object_component>
      <object_component id="oc-1d9">
         <name>.bss</name>
         <uninitialized>true</uninitialized>
         <run_address>0x3352</run_address>
         <size>0x12c</size>
         <input_file_ref idref="fl-4f"/>
      </object_component>
      <object_component id="oc-1de">
         <name>.bss</name>
         <uninitialized>true</uninitialized>
         <run_address>0x2a20</run_address>
         <size>0x258</size>
         <input_file_ref idref="fl-50"/>
      </object_component>
      <object_component id="oc-1e3">
         <name>.bss</name>
         <uninitialized>true</uninitialized>
         <run_address>0x2794</run_address>
         <size>0x28c</size>
         <input_file_ref idref="fl-51"/>
      </object_component>
      <object_component id="oc-1e9">
         <name>.bss</name>
         <uninitialized>true</uninitialized>
         <run_address>0x2400</run_address>
         <size>0x394</size>
         <input_file_ref idref="fl-52"/>
      </object_component>
      <object_component id="oc-37c">
         <name>.bss</name>
         <uninitialized>true</uninitialized>
         <run_address>0x3876</run_address>
         <size>0x68</size>
         <input_file_ref idref="fl-dc"/>
      </object_component>
      <object_component id="oc-38c">
         <name>.bss</name>
         <uninitialized>true</uninitialized>
         <run_address>0x3794</run_address>
         <size>0x78</size>
         <input_file_ref idref="fl-df"/>
      </object_component>
      <object_component id="oc-417">
         <name>.bss:_lock</name>
         <uninitialized>true</uninitialized>
         <run_address>0x3a9c</run_address>
         <size>0x4</size>
         <input_file_ref idref="fl-e0"/>
      </object_component>
      <object_component id="oc-41d">
         <name>.bss:_unlock</name>
         <uninitialized>true</uninitialized>
         <run_address>0x3aa0</run_address>
         <size>0x4</size>
         <input_file_ref idref="fl-e0"/>
      </object_component>
      <object_component id="oc-3ac">
         <name>.bss</name>
         <uninitialized>true</uninitialized>
         <run_address>0x3aaa</run_address>
         <size>0x2</size>
         <input_file_ref idref="fl-e6"/>
      </object_component>
      <object_component id="oc-3b0">
         <name>.bss</name>
         <uninitialized>true</uninitialized>
         <run_address>0x3a8c</run_address>
         <size>0x8</size>
         <input_file_ref idref="fl-e7"/>
      </object_component>
      <object_component id="oc-3e3">
         <name>.bss</name>
         <uninitialized>true</uninitialized>
         <run_address>0x354a</run_address>
         <size>0xb0</size>
         <input_file_ref idref="fl-f1"/>
      </object_component>
      <object_component id="oc-225">
         <name>.stack</name>
         <uninitialized>true</uninitialized>
         <run_address>0x4000</run_address>
         <size>0x4</size>
         <input_file_ref idref="fl-86"/>
      </object_component>
      <object_component id="oc-5f1">
         <name>.stack</name>
         <uninitialized>true</uninitialized>
         <run_address>0x4000</run_address>
         <size>0x0</size>
      </object_component>
      <object_component id="oc-53a">
         <name>.text:inv_compute_bias</name>
         <load_address>0x10000</load_address>
         <run_address>0x10000</run_address>
         <size>0xa04</size>
         <input_file_ref idref="fl-51"/>
      </object_component>
      <object_component id="oc-4d6">
         <name>.text:inv_run_heading_from_gyro</name>
         <load_address>0x10a04</load_address>
         <run_address>0x10a04</run_address>
         <size>0x98a</size>
         <input_file_ref idref="fl-4d"/>
      </object_component>
      <object_component id="oc-53b">
         <name>.text:inv_center_sum</name>
         <load_address>0x1138e</load_address>
         <run_address>0x1138e</run_address>
         <size>0x858</size>
         <input_file_ref idref="fl-51"/>
      </object_component>
      <object_component id="oc-500">
         <name>.text:inv_process_compass_only_cal</name>
         <load_address>0x11be6</load_address>
         <run_address>0x11be6</run_address>
         <size>0x76a</size>
         <input_file_ref idref="fl-51"/>
      </object_component>
      <object_component id="oc-4e9">
         <name>.text:inv_perform_9x_fusion</name>
         <load_address>0x12350</load_address>
         <run_address>0x12350</run_address>
         <size>0x5fc</size>
         <input_file_ref idref="fl-4f"/>
      </object_component>
      <object_component id="oc-4e7">
         <name>.text:inv_generate_accel_gyro_quaternion</name>
         <load_address>0x1294c</load_address>
         <run_address>0x1294c</run_address>
         <size>0x45a</size>
         <input_file_ref idref="fl-4b"/>
      </object_component>
      <object_component id="oc-538">
         <name>.text:inv_set_terms</name>
         <load_address>0x12da6</load_address>
         <run_address>0x12da6</run_address>
         <size>0x448</size>
         <input_file_ref idref="fl-51"/>
      </object_component>
      <object_component id="oc-4fa">
         <name>.text:inv_gtc_compute_slope</name>
         <load_address>0x131ee</load_address>
         <run_address>0x131ee</run_address>
         <size>0x446</size>
         <input_file_ref idref="fl-4e"/>
      </object_component>
      <object_component id="oc-503">
         <name>.text:inv_check_magnetic_disturbance</name>
         <load_address>0x13634</load_address>
         <run_address>0x13634</run_address>
         <size>0x42c</size>
         <input_file_ref idref="fl-4c"/>
      </object_component>
      <object_component id="oc-415">
         <name>.text:main</name>
         <load_address>0x13a60</load_address>
         <run_address>0x13a60</run_address>
         <size>0x3d6</size>
         <input_file_ref idref="fl-41"/>
      </object_component>
      <object_component id="oc-54e">
         <name>.text:__divull</name>
         <load_address>0x13e36</load_address>
         <run_address>0x13e36</run_address>
         <size>0x39a</size>
         <input_file_ref idref="fl-93"/>
      </object_component>
      <object_component id="oc-423">
         <name>.text:dmp_read_fifo</name>
         <load_address>0x141d0</load_address>
         <run_address>0x141d0</run_address>
         <size>0x384</size>
         <input_file_ref idref="fl-3d"/>
      </object_component>
      <object_component id="oc-521">
         <name>.text:accel_fusion</name>
         <load_address>0x14554</load_address>
         <run_address>0x14554</run_address>
         <size>0x372</size>
         <input_file_ref idref="fl-4b"/>
      </object_component>
      <object_component id="oc-530">
         <name>.text:inv_fast_nomot_parameter</name>
         <load_address>0x148c6</load_address>
         <run_address>0x148c6</run_address>
         <size>0x33c</size>
         <input_file_ref idref="fl-50"/>
      </object_component>
      <object_component id="oc-51b">
         <name>.text:inv_process_dmp_quaternion</name>
         <load_address>0x14c02</load_address>
         <run_address>0x14c02</run_address>
         <size>0x336</size>
         <input_file_ref idref="fl-4b"/>
      </object_component>
      <object_component id="oc-4d0">
         <name>.text:inv_generate_fast_nomot</name>
         <load_address>0x14f38</load_address>
         <run_address>0x14f38</run_address>
         <size>0x320</size>
         <input_file_ref idref="fl-50"/>
      </object_component>
      <object_component id="oc-420">
         <name>.text:init_imu</name>
         <load_address>0x15258</load_address>
         <run_address>0x15258</run_address>
         <size>0x290</size>
         <input_file_ref idref="fl-3f"/>
      </object_component>
      <object_component id="oc-570">
         <name>.text:inv_check_sample_balance</name>
         <load_address>0x154e8</load_address>
         <run_address>0x154e8</run_address>
         <size>0x27c</size>
         <input_file_ref idref="fl-52"/>
      </object_component>
      <object_component id="oc-483">
         <name>.text:setup_compass</name>
         <load_address>0x15764</load_address>
         <run_address>0x15764</run_address>
         <size>0x276</size>
         <input_file_ref idref="fl-3c"/>
      </object_component>
      <object_component id="oc-543">
         <name>.text:inv_check_peaks</name>
         <load_address>0x159da</load_address>
         <run_address>0x159da</run_address>
         <size>0x274</size>
         <input_file_ref idref="fl-51"/>
      </object_component>
      <object_component id="oc-590">
         <name>.text:_Log</name>
         <load_address>0x15c4e</load_address>
         <run_address>0x15c4e</run_address>
         <size>0x26c</size>
         <input_file_ref idref="fl-dd"/>
      </object_component>
      <object_component id="oc-4de">
         <name>.text:_setfield</name>
         <load_address>0x15eba</load_address>
         <run_address>0x15eba</run_address>
         <size>0x262</size>
         <input_file_ref idref="fl-e1"/>
      </object_component>
      <object_component id="oc-524">
         <name>.text:inv_filter_correction_angle</name>
         <load_address>0x1611c</load_address>
         <run_address>0x1611c</run_address>
         <size>0x25c</size>
         <input_file_ref idref="fl-4f"/>
      </object_component>
      <object_component id="oc-519">
         <name>.text:inv_compute_quat_from_accel</name>
         <load_address>0x16378</load_address>
         <run_address>0x16378</run_address>
         <size>0x25a</size>
         <input_file_ref idref="fl-4b"/>
      </object_component>
      <object_component id="oc-581">
         <name>.text:_FSin</name>
         <load_address>0x165d2</load_address>
         <run_address>0x165d2</run_address>
         <size>0x22a</size>
         <input_file_ref idref="fl-db"/>
      </object_component>
      <object_component id="oc-45e">
         <name>.text:dmp_enable_feature</name>
         <load_address>0x167fc</load_address>
         <run_address>0x167fc</run_address>
         <size>0x226</size>
         <input_file_ref idref="fl-3d"/>
      </object_component>
      <object_component id="oc-525">
         <name>.text:inv_q_multf</name>
         <load_address>0x16a22</load_address>
         <run_address>0x16a22</run_address>
         <size>0x21c</size>
         <input_file_ref idref="fl-2d"/>
      </object_component>
      <object_component id="oc-4bd">
         <name>.text:__TI_printfi</name>
         <load_address>0x16c3e</load_address>
         <run_address>0x16c3e</run_address>
         <size>0x202</size>
         <input_file_ref idref="fl-e1"/>
      </object_component>
      <object_component id="oc-51a">
         <name>.text:inv_generate_gyro_quaternion</name>
         <load_address>0x16e40</load_address>
         <run_address>0x16e40</run_address>
         <size>0x1fc</size>
         <input_file_ref idref="fl-4b"/>
      </object_component>
      <object_component id="oc-506">
         <name>.text:inv_quaternion_to_rotation</name>
         <load_address>0x1703c</load_address>
         <run_address>0x1703c</run_address>
         <size>0x1fc</size>
         <input_file_ref idref="fl-2d"/>
      </object_component>
      <object_component id="oc-527">
         <name>.text:inv_q_normalizef</name>
         <load_address>0x17238</load_address>
         <run_address>0x17238</run_address>
         <size>0x1de</size>
         <input_file_ref idref="fl-2d"/>
      </object_component>
      <object_component id="oc-466">
         <name>.text:mpu_reset_fifo</name>
         <load_address>0x17416</load_address>
         <run_address>0x17416</run_address>
         <size>0x1d4</size>
         <input_file_ref idref="fl-3c"/>
      </object_component>
      <object_component id="oc-53f">
         <name>.text:inv_combine_compass_data</name>
         <load_address>0x175ea</load_address>
         <run_address>0x175ea</run_address>
         <size>0x1c6</size>
         <input_file_ref idref="fl-51"/>
      </object_component>
      <object_component id="oc-58b">
         <name>.text:fmodf</name>
         <load_address>0x177b0</load_address>
         <run_address>0x177b0</run_address>
         <size>0x1c0</size>
         <input_file_ref idref="fl-e9"/>
      </object_component>
      <object_component id="oc-517">
         <name>.text:_pproc_fgea</name>
         <load_address>0x17970</load_address>
         <run_address>0x17970</run_address>
         <size>0x1ba</size>
         <input_file_ref idref="fl-e1"/>
      </object_component>
      <object_component id="oc-541">
         <name>.text:inv_check_sim</name>
         <load_address>0x17b2a</load_address>
         <run_address>0x17b2a</run_address>
         <size>0x1ba</size>
         <input_file_ref idref="fl-51"/>
      </object_component>
      <object_component id="oc-54a">
         <name>.text:ComputeAngleVelocity</name>
         <load_address>0x17ce4</load_address>
         <run_address>0x17ce4</run_address>
         <size>0x1b4</size>
         <input_file_ref idref="fl-4c"/>
      </object_component>
      <object_component id="oc-4f1">
         <name>.text:inv_fast_nomot_set_gyro_bias</name>
         <load_address>0x17e98</load_address>
         <run_address>0x17e98</run_address>
         <size>0x1b2</size>
         <input_file_ref idref="fl-50"/>
      </object_component>
      <object_component id="oc-537">
         <name>.text:inv_ignore_compass_data</name>
         <load_address>0x1804a</load_address>
         <run_address>0x1804a</run_address>
         <size>0x1b0</size>
         <input_file_ref idref="fl-51"/>
      </object_component>
      <object_component id="oc-520">
         <name>.text:inv_normalize_quat</name>
         <load_address>0x181fa</load_address>
         <run_address>0x181fa</run_address>
         <size>0x1ac</size>
         <input_file_ref idref="fl-4b"/>
      </object_component>
      <object_component id="oc-507">
         <name>.text:inv_q_mult</name>
         <load_address>0x183a6</load_address>
         <run_address>0x183a6</run_address>
         <size>0x1a4</size>
         <input_file_ref idref="fl-2d"/>
      </object_component>
      <object_component id="oc-4af">
         <name>.text:dmp_set_tap_thresh</name>
         <load_address>0x1854a</load_address>
         <run_address>0x1854a</run_address>
         <size>0x19e</size>
         <input_file_ref idref="fl-3d"/>
      </object_component>
      <object_component id="oc-45d">
         <name>.text:dmp_set_orientation</name>
         <load_address>0x186e8</load_address>
         <run_address>0x186e8</run_address>
         <size>0x19a</size>
         <input_file_ref idref="fl-3d"/>
      </object_component>
      <object_component id="oc-55a">
         <name>.text:_getarg_diouxp</name>
         <load_address>0x18882</load_address>
         <run_address>0x18882</run_address>
         <size>0x188</size>
         <input_file_ref idref="fl-e1"/>
      </object_component>
      <object_component id="oc-580">
         <name>.text:acvt</name>
         <load_address>0x18a0a</load_address>
         <run_address>0x18a0a</run_address>
         <size>0x184</size>
         <input_file_ref idref="fl-e1"/>
      </object_component>
      <object_component id="oc-542">
         <name>.text:inv_bias_stability</name>
         <load_address>0x18b8e</load_address>
         <run_address>0x18b8e</run_address>
         <size>0x176</size>
         <input_file_ref idref="fl-51"/>
      </object_component>
      <object_component id="oc-57a">
         <name>.text:ecvt</name>
         <load_address>0x18d04</load_address>
         <run_address>0x18d04</run_address>
         <size>0x174</size>
         <input_file_ref idref="fl-e1"/>
      </object_component>
      <object_component id="oc-52b">
         <name>.text:inv_fast_nomot_store_data</name>
         <load_address>0x18e78</load_address>
         <run_address>0x18e78</run_address>
         <size>0x16e</size>
         <input_file_ref idref="fl-50"/>
      </object_component>
      <object_component id="oc-50c">
         <name>.text:atan2</name>
         <load_address>0x18fe6</load_address>
         <run_address>0x18fe6</run_address>
         <size>0x168</size>
         <input_file_ref idref="fl-84"/>
      </object_component>
      <object_component id="oc-46e">
         <name>.text:atan2f</name>
         <load_address>0x1914e</load_address>
         <run_address>0x1914e</run_address>
         <size>0x168</size>
         <input_file_ref idref="fl-85"/>
      </object_component>
      <object_component id="oc-57d">
         <name>.text:fcvt</name>
         <load_address>0x192b6</load_address>
         <run_address>0x192b6</run_address>
         <size>0x162</size>
         <input_file_ref idref="fl-e1"/>
      </object_component>
      <object_component id="oc-44c">
         <name>.text:mpu_set_sensors</name>
         <load_address>0x19418</load_address>
         <run_address>0x19418</run_address>
         <size>0x150</size>
         <input_file_ref idref="fl-3c"/>
      </object_component>
      <object_component id="oc-560">
         <name>.text:_pconv_e</name>
         <load_address>0x19568</load_address>
         <run_address>0x19568</run_address>
         <size>0x14a</size>
         <input_file_ref idref="fl-e1"/>
      </object_component>
      <object_component id="oc-516">
         <name>.text:_pproc_diouxp</name>
         <load_address>0x196b2</load_address>
         <run_address>0x196b2</run_address>
         <size>0x148</size>
         <input_file_ref idref="fl-e1"/>
      </object_component>
      <object_component id="oc-568">
         <name>.text:inv_compass_angle</name>
         <load_address>0x197fa</load_address>
         <run_address>0x197fa</run_address>
         <size>0x148</size>
         <input_file_ref idref="fl-2d"/>
      </object_component>
      <object_component id="oc-550">
         <name>.text:_Atan</name>
         <load_address>0x19942</load_address>
         <run_address>0x19942</run_address>
         <size>0x142</size>
         <input_file_ref idref="fl-d1"/>
      </object_component>
      <object_component id="oc-4c2">
         <name>.text:_FAtan</name>
         <load_address>0x19a84</load_address>
         <run_address>0x19a84</run_address>
         <size>0x142</size>
         <input_file_ref idref="fl-d6"/>
      </object_component>
      <object_component id="oc-50a">
         <name>.text:__divlli</name>
         <load_address>0x19bc6</load_address>
         <run_address>0x19bc6</run_address>
         <size>0x140</size>
         <input_file_ref idref="fl-92"/>
      </object_component>
      <object_component id="oc-441">
         <name>.text:mpu_init</name>
         <load_address>0x19d06</load_address>
         <run_address>0x19d06</run_address>
         <size>0x13c</size>
         <input_file_ref idref="fl-3c"/>
      </object_component>
      <object_component id="oc-4ba">
         <name>.text:mpu_set_bypass</name>
         <load_address>0x19e42</load_address>
         <run_address>0x19e42</run_address>
         <size>0x13c</size>
         <input_file_ref idref="fl-3c"/>
      </object_component>
      <object_component id="oc-282">
         <name>.text</name>
         <load_address>0x19f7e</load_address>
         <run_address>0x19f7e</run_address>
         <size>0x130</size>
         <input_file_ref idref="fl-99"/>
      </object_component>
      <object_component id="oc-561">
         <name>.text:_pconv_a</name>
         <load_address>0x1a0ae</load_address>
         <run_address>0x1a0ae</run_address>
         <size>0x120</size>
         <input_file_ref idref="fl-e1"/>
      </object_component>
      <object_component id="oc-4d7">
         <name>.text:inv_generate_eMPL_outputs</name>
         <load_address>0x1a1ce</load_address>
         <run_address>0x1a1ce</run_address>
         <size>0x120</size>
         <input_file_ref idref="fl-33"/>
      </object_component>
      <object_component id="oc-53c">
         <name>.text:sqrt</name>
         <load_address>0x1a2ee</load_address>
         <run_address>0x1a2ee</run_address>
         <size>0x11e</size>
         <input_file_ref idref="fl-ce"/>
      </object_component>
      <object_component id="oc-4ea">
         <name>.text:sqrtf</name>
         <load_address>0x1a40c</load_address>
         <run_address>0x1a40c</run_address>
         <size>0x11e</size>
         <input_file_ref idref="fl-cf"/>
      </object_component>
      <object_component id="oc-529">
         <name>.text:_FDscale</name>
         <load_address>0x1a52a</load_address>
         <run_address>0x1a52a</run_address>
         <size>0x11c</size>
         <input_file_ref idref="fl-d8"/>
      </object_component>
      <object_component id="oc-567">
         <name>.text:inv_q_norm4</name>
         <load_address>0x1a646</load_address>
         <run_address>0x1a646</run_address>
         <size>0x11a</size>
         <input_file_ref idref="fl-2d"/>
      </object_component>
      <object_component id="oc-42a">
         <name>.text:mpu_get_compass_reg</name>
         <load_address>0x1a760</load_address>
         <run_address>0x1a760</run_address>
         <size>0x11a</size>
         <input_file_ref idref="fl-3c"/>
      </object_component>
      <object_component id="oc-42e">
         <name>.text:inv_get_sensor_type_heading</name>
         <load_address>0x1a87a</load_address>
         <run_address>0x1a87a</run_address>
         <size>0x108</size>
         <input_file_ref idref="fl-33"/>
      </object_component>
      <object_component id="oc-4d1">
         <name>.text:inv_gtc_data_cb</name>
         <load_address>0x1a982</load_address>
         <run_address>0x1a982</run_address>
         <size>0xfe</size>
         <input_file_ref idref="fl-4e"/>
      </object_component>
      <object_component id="oc-4be">
         <name>.text:inv_convert_to_body_with_scale</name>
         <load_address>0x1aa80</load_address>
         <run_address>0x1aa80</run_address>
         <size>0xfc</size>
         <input_file_ref idref="fl-2d"/>
      </object_component>
      <object_component id="oc-4dd">
         <name>.text:_pproc_fwp</name>
         <load_address>0x1ab7c</load_address>
         <run_address>0x1ab7c</run_address>
         <size>0xfa</size>
         <input_file_ref idref="fl-e1"/>
      </object_component>
      <object_component id="oc-584">
         <name>.text:inv_sort_order_4_T</name>
         <load_address>0x1ac76</load_address>
         <run_address>0x1ac76</run_address>
         <size>0xf6</size>
         <input_file_ref idref="fl-52"/>
      </object_component>
      <object_component id="oc-522">
         <name>.text:inv_find_synchronized_compass_angle</name>
         <load_address>0x1ad6c</load_address>
         <run_address>0x1ad6c</run_address>
         <size>0xf0</size>
         <input_file_ref idref="fl-4f"/>
      </object_component>
      <object_component id="oc-55e">
         <name>.text:_pconv_g</name>
         <load_address>0x1ae5c</load_address>
         <run_address>0x1ae5c</run_address>
         <size>0xee</size>
         <input_file_ref idref="fl-e1"/>
      </object_component>
      <object_component id="oc-50b">
         <name>.text:_fltllid</name>
         <load_address>0x1af4a</load_address>
         <run_address>0x1af4a</run_address>
         <size>0xea</size>
         <input_file_ref idref="fl-98"/>
      </object_component>
      <object_component id="oc-4c3">
         <name>.text:Init_FLL</name>
         <load_address>0x1b034</load_address>
         <run_address>0x1b034</run_address>
         <size>0xe8</size>
         <input_file_ref idref="fl-3b"/>
      </object_component>
      <object_component id="oc-4cc">
         <name>.text:inv_process_9x_sensor_fusion_cb</name>
         <load_address>0x1b11c</load_address>
         <run_address>0x1b11c</run_address>
         <size>0xe8</size>
         <input_file_ref idref="fl-4f"/>
      </object_component>
      <object_component id="oc-4a4">
         <name>.text:mpu_lp_accel_mode</name>
         <load_address>0x1b204</load_address>
         <run_address>0x1b204</run_address>
         <size>0xe6</size>
         <input_file_ref idref="fl-3c"/>
      </object_component>
      <object_component id="oc-4ef">
         <name>.text:inv_detect_motion_by_gyro_accel</name>
         <load_address>0x1b2ea</load_address>
         <run_address>0x1b2ea</run_address>
         <size>0xe4</size>
         <input_file_ref idref="fl-50"/>
      </object_component>
      <object_component id="oc-4f9">
         <name>.text:inv_gtc_add_data</name>
         <load_address>0x1b3ce</load_address>
         <run_address>0x1b3ce</run_address>
         <size>0xe0</size>
         <input_file_ref idref="fl-4e"/>
      </object_component>
      <object_component id="oc-468">
         <name>.text:inv_apply_calibration</name>
         <load_address>0x1b4ae</load_address>
         <run_address>0x1b4ae</run_address>
         <size>0xde</size>
         <input_file_ref idref="fl-2a"/>
      </object_component>
      <object_component id="oc-50e">
         <name>.text:acos</name>
         <load_address>0x1b58c</load_address>
         <run_address>0x1b58c</run_address>
         <size>0xdc</size>
         <input_file_ref idref="fl-7d"/>
      </object_component>
      <object_component id="oc-547">
         <name>.text:acosf</name>
         <load_address>0x1b668</load_address>
         <run_address>0x1b668</run_address>
         <size>0xdc</size>
         <input_file_ref idref="fl-7e"/>
      </object_component>
      <object_component id="oc-482">
         <name>.text:msp430_reg_int_cb</name>
         <load_address>0x1b744</load_address>
         <run_address>0x1b744</run_address>
         <size>0xdc</size>
         <input_file_ref idref="fl-36"/>
      </object_component>
      <object_component id="oc-475">
         <name>.text:SetVCoreUp</name>
         <load_address>0x1b820</load_address>
         <run_address>0x1b820</run_address>
         <size>0xd4</size>
         <input_file_ref idref="fl-39"/>
      </object_component>
      <object_component id="oc-431">
         <name>.text:mpu_lp_motion_interrupt</name>
         <load_address>0x1b8f4</load_address>
         <run_address>0x1b8f4</run_address>
         <size>0xd4</size>
         <input_file_ref idref="fl-3c"/>
      </object_component>
      <object_component id="oc-4ec">
         <name>.text:inv_sensor_data_preprocess</name>
         <load_address>0x1b9c8</load_address>
         <run_address>0x1b9c8</run_address>
         <size>0xd0</size>
         <input_file_ref idref="fl-50"/>
      </object_component>
      <object_component id="oc-4ca">
         <name>.text:inv_register_data_cb</name>
         <load_address>0x1ba98</load_address>
         <run_address>0x1ba98</run_address>
         <size>0xce</size>
         <input_file_ref idref="fl-2a"/>
      </object_component>
      <object_component id="oc-4a8">
         <name>.text:mpu_load_firmware</name>
         <load_address>0x1bb66</load_address>
         <run_address>0x1bb66</run_address>
         <size>0xce</size>
         <input_file_ref idref="fl-3c"/>
      </object_component>
      <object_component id="oc-442">
         <name>.text:inv_init_mpl</name>
         <load_address>0x1bc34</load_address>
         <run_address>0x1bc34</run_address>
         <size>0xca</size>
         <input_file_ref idref="fl-2f"/>
      </object_component>
      <object_component id="oc-465">
         <name>.text:mpu_read_fifo_stream</name>
         <load_address>0x1bcfe</load_address>
         <run_address>0x1bcfe</run_address>
         <size>0xc2</size>
         <input_file_ref idref="fl-3c"/>
      </object_component>
      <object_component id="oc-4cd">
         <name>.text:inv_init_maxmin</name>
         <load_address>0x1bdc0</load_address>
         <run_address>0x1bdc0</run_address>
         <size>0xbc</size>
         <input_file_ref idref="fl-50"/>
      </object_component>
      <object_component id="oc-29b">
         <name>.text</name>
         <load_address>0x1be7c</load_address>
         <run_address>0x1be7c</run_address>
         <size>0xb6</size>
         <input_file_ref idref="fl-9e"/>
      </object_component>
      <object_component id="oc-4ff">
         <name>.text:inv_init_sensitivity_const</name>
         <load_address>0x1bf32</load_address>
         <run_address>0x1bf32</run_address>
         <size>0xb2</size>
         <input_file_ref idref="fl-51"/>
      </object_component>
      <object_component id="oc-548">
         <name>.text:inv_track_dip_angle</name>
         <load_address>0x1bfe4</load_address>
         <run_address>0x1bfe4</run_address>
         <size>0xb2</size>
         <input_file_ref idref="fl-4c"/>
      </object_component>
      <object_component id="oc-501">
         <name>.text:inv_get_gravity</name>
         <load_address>0x1c096</load_address>
         <run_address>0x1c096</run_address>
         <size>0xb0</size>
         <input_file_ref idref="fl-30"/>
      </object_component>
      <object_component id="oc-44e">
         <name>.text:mpu_set_sample_rate</name>
         <load_address>0x1c146</load_address>
         <run_address>0x1c146</run_address>
         <size>0xb0</size>
         <input_file_ref idref="fl-3c"/>
      </object_component>
      <object_component id="oc-425">
         <name>.text:mpu_get_temperature</name>
         <load_address>0x1c1f6</load_address>
         <run_address>0x1c1f6</run_address>
         <size>0xac</size>
         <input_file_ref idref="fl-3c"/>
      </object_component>
      <object_component id="oc-469">
         <name>.text:msp430_i2c_read</name>
         <load_address>0x1c2a2</load_address>
         <run_address>0x1c2a2</run_address>
         <size>0xac</size>
         <input_file_ref idref="fl-35"/>
      </object_component>
      <object_component id="oc-481">
         <name>.text:msp430_i2c_write</name>
         <load_address>0x1c34e</load_address>
         <run_address>0x1c34e</run_address>
         <size>0xac</size>
         <input_file_ref idref="fl-35"/>
      </object_component>
      <object_component id="oc-46c">
         <name>.text:inv_set_contiguous</name>
         <load_address>0x1c3fa</load_address>
         <run_address>0x1c3fa</run_address>
         <size>0xaa</size>
         <input_file_ref idref="fl-2a"/>
      </object_component>
      <object_component id="oc-4df">
         <name>.text:_pproc_str</name>
         <load_address>0x1c4a4</load_address>
         <run_address>0x1c4a4</run_address>
         <size>0xa8</size>
         <input_file_ref idref="fl-e1"/>
      </object_component>
      <object_component id="oc-56f">
         <name>.text:inv_add_compass_block_data</name>
         <load_address>0x1c54c</load_address>
         <run_address>0x1c54c</run_address>
         <size>0xa8</size>
         <input_file_ref idref="fl-51"/>
      </object_component>
      <object_component id="oc-438">
         <name>.text:msp430_clock_init</name>
         <load_address>0x1c5f4</load_address>
         <run_address>0x1c5f4</run_address>
         <size>0xa8</size>
         <input_file_ref idref="fl-34"/>
      </object_component>
      <object_component id="oc-43f">
         <name>.text:servo_init</name>
         <load_address>0x1c69c</load_address>
         <run_address>0x1c69c</run_address>
         <size>0xa8</size>
         <input_file_ref idref="fl-42"/>
      </object_component>
      <object_component id="oc-55b">
         <name>.text:_ltostr</name>
         <load_address>0x1c744</load_address>
         <run_address>0x1c744</run_address>
         <size>0x9e</size>
         <input_file_ref idref="fl-e1"/>
      </object_component>
      <object_component id="oc-585">
         <name>.text:inv_cheap_rand</name>
         <load_address>0x1c7e2</load_address>
         <run_address>0x1c7e2</run_address>
         <size>0x9e</size>
         <input_file_ref idref="fl-51"/>
      </object_component>
      <object_component id="oc-42b">
[...]
      </symbol>
      <symbol id="sm-1134">
         <name>_fltllid</name>
         <value>0x1af4a</value>
         <object_component_ref idref="oc-50b"/>
      </symbol>
      <symbol id="sm-115d">
         <name>__fs_add</name>
         <value>0x19f84</value>
         <object_component_ref idref="oc-282"/>
      </symbol>
      <symbol id="sm-115e">
         <name>__fs_sub</name>
         <value>0x19f7e</value>
         <object_component_ref idref="oc-282"/>
      </symbol>
      <symbol id="sm-1177">
         <name>__fs_cmp</name>
         <value>0x1ebbe</value>
         <object_component_ref idref="oc-287"/>
      </symbol>
      <symbol id="sm-119b">
         <name>__fs_div</name>
         <value>0x1ccaa</value>
         <object_component_ref idref="oc-28c"/>
      </symbol>
      <symbol id="sm-11b2">
         <name>__fs_itof</name>
         <value>0x1f5f2</value>
         <object_component_ref idref="oc-291"/>
      </symbol>
      <symbol id="sm-11cc">
         <name>__fs_ltof</name>
         <value>0x1ec08</value>
         <object_component_ref idref="oc-296"/>
      </symbol>
      <symbol id="sm-11f6">
         <name>__fs_mpy</name>
         <value>0x1be7c</value>
         <object_component_ref idref="oc-29b"/>
      </symbol>
      <symbol id="sm-1204">
         <name>__fs_neg</name>
         <value>0x20258</value>
         <object_component_ref idref="oc-2a0"/>
      </symbol>
      <symbol id="sm-1220">
         <name>__fs_toi</name>
         <value>0x1dd90</value>
         <object_component_ref idref="oc-2a5"/>
      </symbol>
      <symbol id="sm-123e">
         <name>__fs_tol</name>
         <value>0x1d468</value>
         <object_component_ref idref="oc-2aa"/>
      </symbol>
      <symbol id="sm-1257">
         <name>__fs_tou</name>
         <value>0x1edfc</value>
         <object_component_ref idref="oc-2af"/>
      </symbol>
      <symbol id="sm-126c">
         <name>__fs_ultof</name>
         <value>0x1f826</value>
         <object_component_ref idref="oc-2b4"/>
      </symbol>
      <symbol id="sm-1280">
         <name>__fs_utof</name>
         <value>0x1fc8e</value>
         <object_component_ref idref="oc-2b9"/>
      </symbol>
      <symbol id="sm-1284">
         <name>__TI_int41</name>
         <value>0xffd2</value>
         <object_component_ref idref="oc-6d"/>
      </symbol>
      <symbol id="sm-1288">
         <name>__TI_int43</name>
         <value>0xffd6</value>
         <object_component_ref idref="oc-6f"/>
      </symbol>
      <symbol id="sm-128c">
         <name>__TI_int44</name>
         <value>0xffd8</value>
         <object_component_ref idref="oc-70"/>
      </symbol>
      <symbol id="sm-1290">
         <name>__TI_int45</name>
         <value>0xffda</value>
         <object_component_ref idref="oc-71"/>
      </symbol>
      <symbol id="sm-1294">
         <name>__TI_int48</name>
         <value>0xffe0</value>
         <object_component_ref idref="oc-74"/>
      </symbol>
      <symbol id="sm-1298">
         <name>__TI_int49</name>
         <value>0xffe2</value>
         <object_component_ref idref="oc-75"/>
      </symbol>
      <symbol id="sm-129c">
         <name>__TI_int50</name>
         <value>0xffe4</value>
         <object_component_ref idref="oc-76"/>
      </symbol>
      <symbol id="sm-12a0">
         <name>__TI_int51</name>
         <value>0xffe6</value>
         <object_component_ref idref="oc-77"/>
      </symbol>
      <symbol id="sm-12a4">
         <name>__TI_int52</name>
         <value>0xffe8</value>
         <object_component_ref idref="oc-78"/>
      </symbol>
      <symbol id="sm-12a8">
         <name>__TI_int53</name>
         <value>0xffea</value>
         <object_component_ref idref="oc-79"/>
      </symbol>
      <symbol id="sm-12ac">
         <name>__TI_int54</name>
         <value>0xffec</value>
         <object_component_ref idref="oc-7a"/>
      </symbol>
      <symbol id="sm-12b0">
         <name>__TI_int56</name>
         <value>0xfff0</value>
         <object_component_ref idref="oc-7c"/>
      </symbol>
      <symbol id="sm-12b4">
         <name>__TI_int57</name>
         <value>0xfff2</value>
         <object_component_ref idref="oc-7d"/>
      </symbol>
      <symbol id="sm-12b8">
         <name>__TI_int58</name>
         <value>0xfff4</value>
         <object_component_ref idref="oc-7e"/>
      </symbol>
      <symbol id="sm-12bc">
         <name>__TI_int60</name>
         <value>0xfff8</value>
         <object_component_ref idref="oc-80"/>
      </symbol>
      <symbol id="sm-12c0">
         <name>__TI_int62</name>
         <value>0xfffc</value>
         <object_component_ref idref="oc-82"/>
      </symbol>
      <symbol id="sm-12cc">
         <name>__TI_ISR_TRAP</name>
         <value>0x467e</value>
         <object_component_ref idref="oc-2be"/>
      </symbol>
      <symbol id="sm-12d9">
         <name>labs</name>
         <value>0x201f4</value>
         <object_component_ref idref="oc-509"/>
      </symbol>
      <symbol id="sm-12e6">
         <name>llabs</name>
         <value>0x1ff5c</value>
         <object_component_ref idref="oc-54d"/>
      </symbol>
      <symbol id="sm-12f2">
         <name>log</name>
         <value>0x202fc</value>
         <object_component_ref idref="oc-586"/>
      </symbol>
      <symbol id="sm-12ff">
         <name>I_LSL</name>
         <value>0x20262</value>
         <object_component_ref idref="oc-2d2"/>
      </symbol>
      <symbol id="sm-130b">
         <name>L_LSL_3</name>
         <value>0x1f1e6</value>
         <object_component_ref idref="oc-458"/>
      </symbol>
      <symbol id="sm-130c">
         <name>L_LSL_2</name>
         <value>0x1f1ea</value>
         <object_component_ref idref="oc-458"/>
      </symbol>
      <symbol id="sm-130d">
         <name>L_LSL_1</name>
         <value>0x1f1ee</value>
         <object_component_ref idref="oc-458"/>
      </symbol>
      <symbol id="sm-130e">
         <name>L_LSL_7</name>
         <value>0x1f1d6</value>
         <object_component_ref idref="oc-458"/>
      </symbol>
      <symbol id="sm-130f">
         <name>L_LSL_6</name>
         <value>0x1f1da</value>
         <object_component_ref idref="oc-458"/>
      </symbol>
      <symbol id="sm-1310">
         <name>L_LSL_5</name>
         <value>0x1f1de</value>
         <object_component_ref idref="oc-458"/>
      </symbol>
      <symbol id="sm-1311">
         <name>L_LSL_4</name>
         <value>0x1f1e2</value>
         <object_component_ref idref="oc-458"/>
      </symbol>
      <symbol id="sm-1312">
         <name>L_LSL_9</name>
         <value>0x1f1ce</value>
         <object_component_ref idref="oc-458"/>
      </symbol>
      <symbol id="sm-1313">
         <name>L_LSL_8</name>
         <value>0x1f1d2</value>
         <object_component_ref idref="oc-458"/>
      </symbol>
      <symbol id="sm-1314">
         <name>L_LSL_12</name>
         <value>0x1f1c2</value>
         <object_component_ref idref="oc-458"/>
      </symbol>
      <symbol id="sm-1315">
         <name>L_LSL_13</name>
         <value>0x1f1be</value>
         <object_component_ref idref="oc-458"/>
      </symbol>
      <symbol id="sm-1316">
         <name>L_LSL_10</name>
         <value>0x1f1ca</value>
         <object_component_ref idref="oc-458"/>
      </symbol>
      <symbol id="sm-1317">
         <name>L_LSL_11</name>
         <value>0x1f1c6</value>
         <object_component_ref idref="oc-458"/>
      </symbol>
      <symbol id="sm-1318">
         <name>L_LSL_14</name>
         <value>0x1f1ba</value>
         <object_component_ref idref="oc-458"/>
      </symbol>
      <symbol id="sm-1319">
         <name>L_LSL_15</name>
         <value>0x1f1b6</value>
         <object_component_ref idref="oc-458"/>
      </symbol>
      <symbol id="sm-1329">
         <name>__lslll</name>
         <value>0x1f2aa</value>
         <object_component_ref idref="oc-533"/>
      </symbol>
      <symbol id="sm-1339">
         <name>L_LSR_12</name>
         <value>0x1f200</value>
         <object_component_ref idref="oc-477"/>
      </symbol>
      <symbol id="sm-133a">
         <name>L_LSR_13</name>
         <value>0x1f1fc</value>
         <object_component_ref idref="oc-477"/>
      </symbol>
      <symbol id="sm-133b">
         <name>L_LSR_10</name>
         <value>0x1f208</value>
         <object_component_ref idref="oc-477"/>
      </symbol>
      <symbol id="sm-133c">
         <name>L_LSR_11</name>
         <value>0x1f204</value>
         <object_component_ref idref="oc-477"/>
      </symbol>
      <symbol id="sm-133d">
         <name>L_LSR_14</name>
         <value>0x1f1f8</value>
         <object_component_ref idref="oc-477"/>
      </symbol>
      <symbol id="sm-133e">
         <name>L_LSR_15</name>
         <value>0x1f1f4</value>
         <object_component_ref idref="oc-477"/>
      </symbol>
      <symbol id="sm-133f">
         <name>L_LSR</name>
         <value>0x2013a</value>
         <object_component_ref idref="oc-575"/>
      </symbol>
      <symbol id="sm-1340">
         <name>L_LSR_3</name>
         <value>0x1f224</value>
         <object_component_ref idref="oc-477"/>
      </symbol>
      <symbol id="sm-1341">
         <name>L_LSR_2</name>
         <value>0x1f228</value>
         <object_component_ref idref="oc-477"/>
      </symbol>
      <symbol id="sm-1342">
         <name>L_LSR_1</name>
         <value>0x1f22c</value>
         <object_component_ref idref="oc-477"/>
      </symbol>
      <symbol id="sm-1343">
         <name>L_LSR_7</name>
         <value>0x1f214</value>
         <object_component_ref idref="oc-477"/>
      </symbol>
      <symbol id="sm-1344">
         <name>L_LSR_6</name>
         <value>0x1f218</value>
         <object_component_ref idref="oc-477"/>
      </symbol>
      <symbol id="sm-1345">
         <name>L_LSR_5</name>
         <value>0x1f21c</value>
         <object_component_ref idref="oc-477"/>
      </symbol>
      <symbol id="sm-1346">
         <name>L_LSR_4</name>
         <value>0x1f220</value>
         <object_component_ref idref="oc-477"/>
      </symbol>
      <symbol id="sm-1347">
         <name>L_LSR_9</name>
         <value>0x1f20c</value>
         <object_component_ref idref="oc-477"/>
      </symbol>
      <symbol id="sm-1348">
         <name>L_LSR_8</name>
         <value>0x1f210</value>
         <object_component_ref idref="oc-477"/>
      </symbol>
      <symbol id="sm-1358">
         <name>__lsrll</name>
         <value>0x1f2e4</value>
         <object_component_ref idref="oc-54f"/>
      </symbol>
      <symbol id="sm-1366">
         <name>memcpy</name>
         <value>0x20004</value>
         <object_component_ref idref="oc-408"/>
      </symbol>
      <symbol id="sm-1375">
         <name>memmove</name>
         <value>0x1f916</value>
         <object_component_ref idref="oc-536"/>
      </symbol>
      <symbol id="sm-1383">
         <name>memset</name>
         <value>0x1ff72</value>
         <object_component_ref idref="oc-515"/>
      </symbol>
      <symbol id="sm-13b6">
         <name>__mpyi_f5hw</name>
         <value>0x1ff9e</value>
         <object_component_ref idref="oc-535"/>
      </symbol>
      <symbol id="sm-13ec">
         <name>__mpyl_f5hw</name>
         <value>0x1fd3a</value>
         <object_component_ref idref="oc-51e"/>
      </symbol>
      <symbol id="sm-140d">
         <name>__mpyll_f5hw</name>
         <value>0x1e344</value>
         <object_component_ref idref="oc-4fb"/>
      </symbol>
      <symbol id="sm-1428">
         <name>_system_pre_init</name>
         <value>0x20310</value>
         <object_component_ref idref="oc-410"/>
      </symbol>
      <symbol id="sm-143d">
         <name>sinf</name>
         <value>0x20302</value>
         <object_component_ref idref="oc-563"/>
      </symbol>
      <symbol id="sm-144f">
         <name>sqrt</name>
         <value>0x1a2ee</value>
         <object_component_ref idref="oc-53c"/>
      </symbol>
      <symbol id="sm-1461">
         <name>sqrtf</name>
         <value>0x1a40c</value>
         <object_component_ref idref="oc-4ea"/>
      </symbol>
      <symbol id="sm-1473">
         <name>vsprintf</name>
         <value>0x1f358</value>
         <object_component_ref idref="oc-463"/>
      </symbol>
      <symbol id="sm-1491">
         <name>_Atan</name>
         <value>0x19942</value>
         <object_component_ref idref="oc-550"/>
      </symbol>
      <symbol id="sm-14a6">
         <name>_Dscale</name>
         <value>0x20308</value>
         <object_component_ref idref="oc-572"/>
      </symbol>
      <symbol id="sm-14b2">
         <name>_Dunscale</name>
         <value>0x2030c</value>
         <object_component_ref idref="oc-571"/>
      </symbol>
      <symbol id="sm-14df">
         <name>_FAtan</name>
         <value>0x19a84</value>
         <object_component_ref idref="oc-4c2"/>
      </symbol>
      <symbol id="sm-1505">
         <name>_FDscale</name>
         <value>0x1a52a</value>
         <object_component_ref idref="oc-529"/>
      </symbol>
      <symbol id="sm-1517">
         <name>_FDunscale</name>
         <value>0x1dec4</value>
         <object_component_ref idref="oc-528"/>
      </symbol>
      <symbol id="sm-1526">
         <name>_Feraise</name>
         <value>0x1f550</value>
         <object_component_ref idref="oc-52a"/>
      </symbol>
      <symbol id="sm-154d">
         <name>_FSin</name>
         <value>0x165d2</value>
         <object_component_ref idref="oc-581"/>
      </symbol>
      <symbol id="sm-155d">
         <name>_FZero</name>
         <value>0x38da</value>
         <object_component_ref idref="oc-37c"/>
      </symbol>
      <symbol id="sm-155e">
         <name>_FRteps</name>
         <value>0x38c6</value>
         <object_component_ref idref="oc-37c"/>
      </symbol>
      <symbol id="sm-155f">
         <name>_FSnan</name>
         <value>0x38b6</value>
         <object_component_ref idref="oc-37c"/>
      </symbol>
      <symbol id="sm-1560">
         <name>_FNan</name>
         <value>0x38a6</value>
         <object_component_ref idref="oc-37c"/>
      </symbol>
      <symbol id="sm-1561">
         <name>_FInf</name>
         <value>0x3896</value>
         <object_component_ref idref="oc-37c"/>
      </symbol>
      <symbol id="sm-1562">
         <name>_FEps</name>
         <value>0x3886</value>
         <object_component_ref idref="oc-37c"/>
      </symbol>
      <symbol id="sm-1563">
         <name>_FXbig</name>
         <value>0x38d6</value>
         <object_component_ref idref="oc-37c"/>
      </symbol>
      <symbol id="sm-1564">
         <name>_FDenorm</name>
         <value>0x3876</value>
         <object_component_ref idref="oc-37c"/>
      </symbol>
      <symbol id="sm-158d">
         <name>_Log</name>
         <value>0x15c4e</value>
         <object_component_ref idref="oc-590"/>
      </symbol>
      <symbol id="sm-15ad">
         <name>_Rteps</name>
         <value>0x37f4</value>
         <object_component_ref idref="oc-38c"/>
      </symbol>
      <symbol id="sm-15ae">
         <name>_Zero</name>
         <value>0x3808</value>
         <object_component_ref idref="oc-38c"/>
      </symbol>
      <symbol id="sm-15af">
         <name>_Hugeval</name>
         <value>0x37b4</value>
         <object_component_ref idref="oc-38c"/>
      </symbol>
      <symbol id="sm-15b0">
         <name>_Snan</name>
         <value>0x37e4</value>
         <object_component_ref idref="oc-38c"/>
      </symbol>
      <symbol id="sm-15b1">
         <name>_Nan</name>
         <value>0x37d4</value>
         <object_component_ref idref="oc-38c"/>
      </symbol>
      <symbol id="sm-15b2">
         <name>_Inf</name>
         <value>0x37c4</value>
         <object_component_ref idref="oc-38c"/>
      </symbol>
      <symbol id="sm-15b3">
         <name>_Xbig</name>
         <value>0x3804</value>
         <object_component_ref idref="oc-38c"/>
      </symbol>
      <symbol id="sm-15b4">
         <name>_Eps</name>
         <value>0x37a4</value>
         <object_component_ref idref="oc-38c"/>
      </symbol>
      <symbol id="sm-15b5">
         <name>_Denorm</name>
         <value>0x3794</value>
         <object_component_ref idref="oc-38c"/>
      </symbol>
      <symbol id="sm-15c9">
         <name>_nop</name>
         <value>0x20318</value>
         <object_component_ref idref="oc-436"/>
      </symbol>
      <symbol id="sm-15ca">
         <name>_lock</name>
         <value>0x3a9c</value>
         <object_component_ref idref="oc-417"/>
      </symbol>
      <symbol id="sm-15cb">
         <name>_unlock</name>
         <value>0x3aa0</value>
         <object_component_ref idref="oc-41d"/>
      </symbol>
      <symbol id="sm-170c">
         <name>__TI_printfi</name>
         <value>0x16c3e</value>
         <object_component_ref idref="oc-4bd"/>
      </symbol>
      <symbol id="sm-1729">
         <name>atoi</name>
         <value>0x1e054</value>
         <object_component_ref idref="oc-514"/>
      </symbol>
      <symbol id="sm-173b">
         <name>_auto_init_hold_wdt</name>
         <value>0x1d5de</value>
         <object_component_ref idref="oc-411"/>
      </symbol>
      <symbol id="sm-1743">
         <name>_ctypes_</name>
         <value>0x587a</value>
         <object_component_ref idref="oc-559"/>
      </symbol>
      <symbol id="sm-174d">
         <name>_Errno</name>
         <value>0x3aaa</value>
         <object_component_ref idref="oc-3ac"/>
      </symbol>
      <symbol id="sm-1760">
         <name>feraiseexcept</name>
         <value>0x1f690</value>
         <object_component_ref idref="oc-56a"/>
      </symbol>
      <symbol id="sm-1761">
         <name>_Tls_setup__Fenv</name>
         <value>0x3a90</value>
         <object_component_ref idref="oc-3b0"/>
      </symbol>
      <symbol id="sm-1762">
         <name>_Fenv</name>
         <value>0x3a8c</value>
         <object_component_ref idref="oc-3b0"/>
      </symbol>
      <symbol id="sm-1797">
         <name>fmodf</name>
         <value>0x177b0</value>
         <object_component_ref idref="oc-58b"/>
      </symbol>
      <symbol id="sm-17a3">
         <name>frexp</name>
         <value>0x1f888</value>
         <object_component_ref idref="oc-57f"/>
      </symbol>
      <symbol id="sm-17b3">
         <name>ldexp</name>
         <value>0x1e28e</value>
         <object_component_ref idref="oc-588"/>
      </symbol>
      <symbol id="sm-17c0">
         <name>I_LSR</name>
         <value>0x2026c</value>
         <object_component_ref idref="oc-3cb"/>
      </symbol>
      <symbol id="sm-17cf">
         <name>ltoa</name>
         <value>0x1d1ee</value>
         <object_component_ref idref="oc-587"/>
      </symbol>
      <symbol id="sm-17de">
         <name>memccpy</name>
         <value>0x1fe54</value>
         <object_component_ref idref="oc-518"/>
      </symbol>
      <symbol id="sm-17f6">
         <name>raise</name>
         <value>0x1f7f4</value>
         <object_component_ref idref="oc-582"/>
      </symbol>
      <symbol id="sm-180b">
         <name>signal</name>
         <value>0x1f4e2</value>
         <object_component_ref idref="oc-58e"/>
      </symbol>
      <symbol id="sm-181a">
         <name>strchr</name>
         <value>0x1fec6</value>
         <object_component_ref idref="oc-591"/>
      </symbol>
      <symbol id="sm-1827">
         <name>strlen</name>
         <value>0x2021e</value>
         <object_component_ref idref="oc-4db"/>
      </symbol>
      <symbol id="sm-1834">
         <name>toupper</name>
         <value>0x20098</value>
         <object_component_ref idref="oc-55c"/>
      </symbol>
      <symbol id="sm-184e">
         <name>_FDclass</name>
         <value>0x1f392</value>
         <object_component_ref idref="oc-55d"/>
      </symbol>
      <symbol id="sm-1860">
         <name>_FDnorm</name>
         <value>0x1cd38</value>
         <object_component_ref idref="oc-569"/>
      </symbol>
   </symbol_table>
   <title>Link successful</title>
</link_info>
